Component: ARM Compiler 5.06 update 3 (build 300) Tool: armlink [4d35c9]

==============================================================================

Section Cross References

    main.o(i.main) refers to misc.o(i.NVIC_PriorityGroupConfig) for NVIC_PriorityGroupConfig
    main.o(i.main) refers to delay.o(i.delay_init) for delay_init
    main.o(i.main) refers to usart.o(i.uart_init) for uart_init
    main.o(i.main) refers to usart.o(i.u1_printf) for u1_printf
    main.o(i.main) refers to delay.o(i.delay_ms) for delay_ms
    system_stm32f4xx.o(i.SystemCoreClockUpdate) refers to system_stm32f4xx.o(.data) for SystemCoreClock
    system_stm32f4xx.o(i.SystemInit) refers to system_stm32f4xx.o(i.SetSysClock) for SetSysClock
    led.o(i.LED_Init) refers to stm32f4xx_rcc.o(i.RCC_AHB1PeriphClockCmd) for RCC_AHB1PeriphClockCmd
    led.o(i.LED_Init) refers to stm32f4xx_gpio.o(i.GPIO_Init) for GPIO_Init
    led.o(i.LED_Init) refers to stm32f4xx_gpio.o(i.GPIO_SetBits) for GPIO_SetBits
    beep.o(i.BEEP_Init) refers to stm32f4xx_rcc.o(i.RCC_AHB1PeriphClockCmd) for RCC_AHB1PeriphClockCmd
    beep.o(i.BEEP_Init) refers to stm32f4xx_gpio.o(i.GPIO_Init) for GPIO_Init
    beep.o(i.BEEP_Init) refers to stm32f4xx_gpio.o(i.GPIO_ResetBits) for GPIO_ResetBits
    key.o(i.KEY_Init) refers to stm32f4xx_rcc.o(i.RCC_AHB1PeriphClockCmd) for RCC_AHB1PeriphClockCmd
    key.o(i.KEY_Init) refers to stm32f4xx_gpio.o(i.GPIO_Init) for GPIO_Init
    key.o(i.KEY_Scan) refers to stm32f4xx_gpio.o(i.GPIO_ReadInputDataBit) for GPIO_ReadInputDataBit
    key.o(i.KEY_Scan) refers to delay.o(i.delay_ms) for delay_ms
    key.o(i.KEY_Scan) refers to key.o(.data) for key_up
    usart3.o(i.USART2_IRQHandler) refers to stm32f4xx_usart.o(i.USART_GetITStatus) for USART_GetITStatus
    usart3.o(i.USART2_IRQHandler) refers to stm32f4xx_usart.o(i.USART_ReceiveData) for USART_ReceiveData
    usart3.o(i.USART2_IRQHandler) refers to usart3.o(.data) for USART2_RX_STA
    usart3.o(i.USART2_IRQHandler) refers to usart3.o(.bss) for USART2_RX_BUF
    usart3.o(i.USART3_IRQHandler) refers to stm32f4xx_usart.o(i.USART_GetITStatus) for USART_GetITStatus
    usart3.o(i.USART3_IRQHandler) refers to stm32f4xx_usart.o(i.USART_ReceiveData) for USART_ReceiveData
    usart3.o(i.USART3_IRQHandler) refers to usart3.o(.data) for USART3_RX_STA
    usart3.o(i.USART3_IRQHandler) refers to usart3.o(.bss) for USART3_RX_BUF
    usart3.o(i.u2_printf) refers to rt_memclr.o(.text) for __aeabi_memclr
    usart3.o(i.u2_printf) refers to c89vsprintf.o(.text) for __c89vsprintf
    usart3.o(i.u2_printf) refers to strlen.o(.text) for strlen
    usart3.o(i.u2_printf) refers to stm32f4xx_usart.o(i.USART_GetFlagStatus) for USART_GetFlagStatus
    usart3.o(i.u2_printf) refers to stm32f4xx_usart.o(i.USART_SendData) for USART_SendData
    usart3.o(i.u2_printf) refers to usart3.o(.bss) for USART2_TX_BUF
    usart3.o(i.u3_printf) refers to rt_memclr.o(.text) for __aeabi_memclr
    usart3.o(i.u3_printf) refers to c89vsprintf.o(.text) for __c89vsprintf
    usart3.o(i.u3_printf) refers to strlen.o(.text) for strlen
    usart3.o(i.u3_printf) refers to stm32f4xx_usart.o(i.USART_GetFlagStatus) for USART_GetFlagStatus
    usart3.o(i.u3_printf) refers to stm32f4xx_usart.o(i.USART_SendData) for USART_SendData
    usart3.o(i.u3_printf) refers to usart3.o(.bss) for USART3_TX_BUF
    usart3.o(i.usart2_init) refers to stm32f4xx_rcc.o(i.RCC_AHB1PeriphClockCmd) for RCC_AHB1PeriphClockCmd
    usart3.o(i.usart2_init) refers to stm32f4xx_rcc.o(i.RCC_APB1PeriphClockCmd) for RCC_APB1PeriphClockCmd
    usart3.o(i.usart2_init) refers to stm32f4xx_usart.o(i.USART_DeInit) for USART_DeInit
    usart3.o(i.usart2_init) refers to stm32f4xx_gpio.o(i.GPIO_PinAFConfig) for GPIO_PinAFConfig
    usart3.o(i.usart2_init) refers to stm32f4xx_gpio.o(i.GPIO_Init) for GPIO_Init
    usart3.o(i.usart2_init) refers to stm32f4xx_usart.o(i.USART_Init) for USART_Init
    usart3.o(i.usart2_init) refers to stm32f4xx_usart.o(i.USART_Cmd) for USART_Cmd
    usart3.o(i.usart2_init) refers to stm32f4xx_usart.o(i.USART_ITConfig) for USART_ITConfig
    usart3.o(i.usart2_init) refers to misc.o(i.NVIC_Init) for NVIC_Init
    usart3.o(i.usart3_init) refers to stm32f4xx_rcc.o(i.RCC_AHB1PeriphClockCmd) for RCC_AHB1PeriphClockCmd
    usart3.o(i.usart3_init) refers to stm32f4xx_rcc.o(i.RCC_APB1PeriphClockCmd) for RCC_APB1PeriphClockCmd
    usart3.o(i.usart3_init) refers to stm32f4xx_usart.o(i.USART_DeInit) for USART_DeInit
    usart3.o(i.usart3_init) refers to stm32f4xx_gpio.o(i.GPIO_PinAFConfig) for GPIO_PinAFConfig
    usart3.o(i.usart3_init) refers to stm32f4xx_gpio.o(i.GPIO_Init) for GPIO_Init
    usart3.o(i.usart3_init) refers to stm32f4xx_usart.o(i.USART_Init) for USART_Init
    usart3.o(i.usart3_init) refers to stm32f4xx_usart.o(i.USART_Cmd) for USART_Cmd
    usart3.o(i.usart3_init) refers to stm32f4xx_usart.o(i.USART_ITConfig) for USART_ITConfig
[...]
    ../clib/printf.c                         0x00000000   Number         0  _sputc.o ABSOLUTE
    ../clib/printf.c                         0x00000000   Number         0  _printf_wctomb.o ABSOLUTE
    ../clib/printf.c                         0x00000000   Number         0  _printf_fp_infnan.o ABSOLUTE
    ../clib/printf.c                         0x00000000   Number         0  _printf_longlong_dec.o ABSOLUTE
    ../clib/printf.c                         0x00000000   Number         0  _printf_oct_ll.o ABSOLUTE
    ../clib/printf.c                         0x00000000   Number         0  _printf_oct_int.o ABSOLUTE
    ../clib/printf.c                         0x00000000   Number         0  _printf_oct_int_ll.o ABSOLUTE
    ../clib/printf.c                         0x00000000   Number         0  _printf_hex_ll.o ABSOLUTE
    ../clib/printf.c                         0x00000000   Number         0  _printf_hex_int.o ABSOLUTE
    ../clib/printf.c                         0x00000000   Number         0  _printf_hex_int_ll.o ABSOLUTE
    ../clib/printf.c                         0x00000000   Number         0  _printf_hex_ptr.o ABSOLUTE
    ../clib/printf.c                         0x00000000   Number         0  _printf_hex_int_ptr.o ABSOLUTE
    ../clib/printf.c                         0x00000000   Number         0  _printf_hex_ll_ptr.o ABSOLUTE
    ../clib/printf.c                         0x00000000   Number         0  _printf_hex_int_ll_ptr.o ABSOLUTE
    ../clib/printf.c                         0x00000000   Number         0  _printf_wchar.o ABSOLUTE
    ../clib/printf.c                         0x00000000   Number         0  _printf_char.o ABSOLUTE
    ../clib/printf.c                         0x00000000   Number         0  __printf_flags.o ABSOLUTE
    ../clib/printf.c                         0x00000000   Number         0  __printf_ss.o ABSOLUTE
    ../clib/printf.c                         0x00000000   Number         0  __printf_flags_ss.o ABSOLUTE
    ../clib/printf.c                         0x00000000   Number         0  __printf_wp.o ABSOLUTE
    ../clib/printf.c                         0x00000000   Number         0  _printf_fp_dec.o ABSOLUTE
    ../clib/printf.c                         0x00000000   Number         0  __printf_flags_wp.o ABSOLUTE
    ../clib/printf.c                         0x00000000   Number         0  __printf_ss_wp.o ABSOLUTE
    ../clib/printf_percent.s                 0x00000000   Number         0  _printf_u.o ABSOLUTE
    ../clib/printf_percent.s                 0x00000000   Number         0  _printf_llx.o ABSOLUTE
    ../clib/printf_percent.s                 0x00000000   Number         0  _printf_p.o ABSOLUTE
    ../clib/printf_percent.s                 0x00000000   Number         0  _printf_c.o ABSOLUTE
    ../clib/printf_percent.s                 0x00000000   Number         0  _printf_o.o ABSOLUTE
    ../clib/printf_percent.s                 0x00000000   Number         0  _printf_llo.o ABSOLUTE
    ../clib/printf_percent.s                 0x00000000   Number         0  _printf_i.o ABSOLUTE
    ../clib/printf_percent.s                 0x00000000   Number         0  _printf_ls.o ABSOLUTE
    ../clib/printf_percent.s                 0x00000000   Number         0  _printf_d.o ABSOLUTE
    ../clib/printf_percent.s                 0x00000000   Number         0  _printf_lc.o ABSOLUTE
    ../clib/printf_percent.s                 0x00000000   Number         0  _printf_a.o ABSOLUTE
    ../clib/printf_percent.s                 0x00000000   Number         0  _printf_l.o ABSOLUTE
    ../clib/printf_percent.s                 0x00000000   Number         0  _printf_f.o ABSOLUTE
    ../clib/printf_percent.s                 0x00000000   Number         0  _printf_x.o ABSOLUTE
    ../clib/printf_percent.s                 0x00000000   Number         0  _printf_percent_end.o ABSOLUTE
    ../clib/printf_percent.s                 0x00000000   Number         0  _printf_ll.o ABSOLUTE
    ../clib/printf_percent.s                 0x00000000   Number         0  _printf_e.o ABSOLUTE
    ../clib/printf_percent.s                 0x00000000   Number         0  _printf_llu.o ABSOLUTE
    ../clib/printf_percent.s                 0x00000000   Number         0  _printf_g.o ABSOLUTE
    ../clib/printf_percent.s                 0x00000000   Number         0  _printf_percent.o ABSOLUTE
    ../clib/printf_percent.s                 0x00000000   Number         0  _printf_lld.o ABSOLUTE
    ../clib/printf_percent.s                 0x00000000   Number         0  _printf_lli.o ABSOLUTE
    ../clib/printf_percent.s                 0x00000000   Number         0  _printf_s.o ABSOLUTE
    ../clib/printf_percent.s                 0x00000000   Number         0  _printf_n.o ABSOLUTE
    ../clib/signal.c                         0x00000000   Number         0  defsig_cppl_inner.o ABSOLUTE
    ../clib/signal.c                         0x00000000   Number         0  defsig_pvfn_inner.o ABSOLUTE
    ../clib/signal.c                         0x00000000   Number         0  defsig_rtmem_inner.o ABSOLUTE
    ../clib/signal.c                         0x00000000   Number         0  defsig_exit.o ABSOLUTE
    ../clib/signal.c                         0x00000000   Number         0  defsig_stak_inner.o ABSOLUTE
    ../clib/signal.c                         0x00000000   Number         0  defsig_rtmem_outer.o ABSOLUTE
    ../clib/signal.c                         0x00000000   Number         0  defsig_abrt_inner.o ABSOLUTE
    ../clib/signal.c                         0x00000000   Number         0  defsig_rtmem_formal.o ABSOLUTE
    ../clib/signal.c                         0x00000000   Number         0  __raise.o ABSOLUTE
    ../clib/signal.c                         0x00000000   Number         0  defsig_general.o ABSOLUTE
    ../clib/signal.c                         0x00000000   Number         0  defsig_fpe_inner.o ABSOLUTE
    ../clib/signal.c                         0x00000000   Number         0  defsig_other.o ABSOLUTE
    ../clib/signal.c                         0x00000000   Number         0  defsig_rtred_inner.o ABSOLUTE
    ../clib/signal.c                         0x00000000   Number         0  defsig_segv_inner.o ABSOLUTE
    ../clib/signal.s                         0x00000000   Number         0  defsig.o ABSOLUTE
    ../clib/stdlib.c                         0x00000000   Number         0  exit.o ABSOLUTE
    ../clib/string.c                         0x00000000   Number         0  strlen.o ABSOLUTE
    ../fplib/fpinit.s                        0x00000000   Number         0  fpinit.o ABSOLUTE
    ../fplib/istatus.s                       0x00000000   Number         0  istatus.o ABSOLUTE
    ../fplib/printf1.s                       0x00000000   Number         0  printf1.o ABSOLUTE
    ../fplib/usenofp.s                       0x00000000   Number         0  usenofp.o ABSOLUTE
    ../mathlib/fpclassify.c                  0x00000000   Number         0  fpclassify.o ABSOLUTE
    ..\CORE\startup_stm32f40_41xxx.s         0x00000000   Number         0  startup_stm32f40_41xxx.o ABSOLUTE
    ..\FWLIB\src\misc.c                      0x00000000   Number         0  misc.o ABSOLUTE
    ..\FWLIB\src\stm32f4xx_gpio.c            0x00000000   Number         0  stm32f4xx_gpio.o ABSOLUTE
    ..\FWLIB\src\stm32f4xx_rcc.c             0x00000000   Number         0  stm32f4xx_rcc.o ABSOLUTE
    ..\FWLIB\src\stm32f4xx_syscfg.c          0x00000000   Number         0  stm32f4xx_syscfg.o ABSOLUTE
    ..\FWLIB\src\stm32f4xx_usart.c           0x00000000   Number         0  stm32f4xx_usart.o ABSOLUTE
    ..\HARDWARE\BEEP\beep.c                  0x00000000   Number         0  beep.o ABSOLUTE
    ..\HARDWARE\KEY\key.c                    0x00000000   Number         0  key.o ABSOLUTE
    ..\HARDWARE\LED\led.c                    0x00000000   Number         0  led.o ABSOLUTE
    ..\HARDWARE\UART\usart3.c                0x00000000   Number         0  usart3.o ABSOLUTE
    ..\SYSTEM\delay\delay.c                  0x00000000   Number         0  delay.o ABSOLUTE
    ..\SYSTEM\sys\sys.c                      0x00000000   Number         0  sys.o ABSOLUTE
    ..\SYSTEM\usart\usart.c                  0x00000000   Number         0  usart.o ABSOLUTE
    ..\\FWLIB\\src\\misc.c                   0x00000000   Number         0  misc.o ABSOLUTE
    ..\\FWLIB\\src\\stm32f4xx_gpio.c         0x00000000   Number         0  stm32f4xx_gpio.o ABSOLUTE
    ..\\FWLIB\\src\\stm32f4xx_rcc.c          0x00000000   Number         0  stm32f4xx_rcc.o ABSOLUTE
    ..\\FWLIB\\src\\stm32f4xx_syscfg.c       0x00000000   Number         0  stm32f4xx_syscfg.o ABSOLUTE
    ..\\FWLIB\\src\\stm32f4xx_usart.c        0x00000000   Number         0  stm32f4xx_usart.o ABSOLUTE
    ..\\HARDWARE\\BEEP\\beep.c               0x00000000   Number         0  beep.o ABSOLUTE
    ..\\HARDWARE\\KEY\\key.c                 0x00000000   Number         0  key.o ABSOLUTE
    ..\\HARDWARE\\LED\\led.c                 0x00000000   Number         0  led.o ABSOLUTE
    ..\\HARDWARE\\UART\\usart3.c             0x00000000   Number         0  usart3.o ABSOLUTE
    ..\\SYSTEM\\delay\\delay.c               0x00000000   Number         0  delay.o ABSOLUTE
    ..\\SYSTEM\\sys\\sys.c                   0x00000000   Number         0  sys.o ABSOLUTE
    ..\\SYSTEM\\usart\\usart.c               0x00000000   Number         0  usart.o ABSOLUTE
    dc.s                                     0x00000000   Number         0  dc.o ABSOLUTE
    main.c                                   0x00000000   Number         0  main.o ABSOLUTE
    main.c                                   0x00000000   Number         0  main.o ABSOLUTE
    stm32f4xx_it.c                           0x00000000   Number         0  stm32f4xx_it.o ABSOLUTE
    stm32f4xx_it.c                           0x00000000   Number         0  stm32f4xx_it.o ABSOLUTE
    system_stm32f4xx.c                       0x00000000   Number         0  system_stm32f4xx.o ABSOLUTE
    system_stm32f4xx.c                       0x00000000   Number         0  system_stm32f4xx.o ABSOLUTE
    RESET                                    0x08000000   Section      392  startup_stm32f40_41xxx.o(RESET)
    !!!main                                  0x08000188   Section        8  __main.o(!!!main)
    !!!scatter                               0x08000190   Section       52  __scatter.o(!!!scatter)
    !!handler_copy                           0x080001c4   Section       26  __scatter_copy.o(!!handler_copy)
    !!handler_zi                             0x080001e0   Section       28  __scatter_zi.o(!!handler_zi)
    .ARM.Collect$$_printf_percent$$00000000  0x080001fc   Section        0  _printf_percent.o(.ARM.Collect$$_printf_percent$$00000000)
    .ARM.Collect$$_printf_percent$$00000001  0x080001fc   Section        6  _printf_n.o(.ARM.Collect$$_printf_percent$$00000001)
    .ARM.Collect$$_printf_percent$$00000002  0x08000202   Section        6  _printf_p.o(.ARM.Collect$$_printf_percent$$00000002)
    .ARM.Collect$$_printf_percent$$00000003  0x08000208   Section        6  _printf_f.o(.ARM.Collect$$_printf_percent$$00000003)
    .ARM.Collect$$_printf_percent$$00000004  0x0800020e   Section        6  _printf_e.o(.ARM.Collect$$_printf_percent$$00000004)
    .ARM.Collect$$_printf_percent$$00000005  0x08000214   Section        6  _printf_g.o(.ARM.Collect$$_printf_percent$$00000005)
    .ARM.Collect$$_printf_percent$$00000006  0x0800021a   Section        6  _printf_a.o(.ARM.Collect$$_printf_percent$$00000006)
    .ARM.Collect$$_printf_percent$$00000007  0x08000220   Section       10  _printf_ll.o(.ARM.Collect$$_printf_percent$$00000007)
    .ARM.Collect$$_printf_percent$$00000008  0x0800022a   Section        6  _printf_i.o(.ARM.Collect$$_printf_percent$$00000008)
    .ARM.Collect$$_printf_percent$$00000009  0x08000230   Section        6  _printf_d.o(.ARM.Collect$$_printf_percent$$00000009)
    .ARM.Collect$$_printf_percent$$0000000A  0x08000236   Section        6  _printf_u.o(.ARM.Collect$$_printf_percent$$0000000A)
    .ARM.Collect$$_printf_percent$$0000000B  0x0800023c   Section        6  _printf_o.o(.ARM.Collect$$_printf_percent$$0000000B)
    .ARM.Collect$$_printf_percent$$0000000C  0x08000242   Section        6  _printf_x.o(.ARM.Collect$$_printf_percent$$0000000C)
    .ARM.Collect$$_printf_percent$$0000000D  0x08000248   Section        6  _printf_lli.o(.ARM.Collect$$_printf_percent$$0000000D)
    .ARM.Collect$$_printf_percent$$0000000E  0x0800024e   Section        6  _printf_lld.o(.ARM.Collect$$_printf_percent$$0000000E)
    .ARM.Collect$$_printf_percent$$0000000F  0x08000254   Section        6  _printf_llu.o(.ARM.Collect$$_printf_percent$$0000000F)
    .ARM.Collect$$_printf_percent$$00000010  0x0800025a   Section        6  _printf_llo.o(.ARM.Collect$$_printf_percent$$00000010)
    .ARM.Collect$$_printf_percent$$00000011  0x08000260   Section        6  _printf_llx.o(.ARM.Collect$$_printf_percent$$00000011)
    .ARM.Collect$$_printf_percent$$00000012  0x08000266   Section       10  _printf_l.o(.ARM.Collect$$_printf_percent$$00000012)
    .ARM.Collect$$_printf_percent$$00000013  0x08000270   Section        6  _printf_c.o(.ARM.Collect$$_printf_percent$$00000013)
    .ARM.Collect$$_printf_percent$$00000014  0x08000276   Section        6  _printf_s.o(.ARM.Collect$$_printf_percent$$00000014)
    .ARM.Collect$$_printf_percent$$00000015  0x0800027c   Section        6  _printf_lc.o(.ARM.Collect$$_printf_percent$$00000015)
    .ARM.Collect$$_printf_percent$$00000016  0x08000282   Section        6  _printf_ls.o(.ARM.Collect$$_printf_percent$$00000016)
    .ARM.Collect$$_printf_percent$$00000017  0x08000288   Section        4  _printf_percent_end.o(.ARM.Collect$$_printf_percent$$00000017)
    .ARM.Collect$$libinit$$00000000          0x0800028c   Section        2  libinit.o(.ARM.Collect$$libinit$$00000000)
    .ARM.Collect$$libinit$$00000001          0x0800028e   Section        4  libinit2.o(.ARM.Collect$$libinit$$00000001)
    .ARM.Collect$$libinit$$00000004          0x08000292   Section        0  libinit2.o(.ARM.Collect$$libinit$$00000004)
    .ARM.Collect$$libinit$$0000000A          0x08000292   Section        0  libinit2.o(.ARM.Collect$$libinit$$0000000A)
    .ARM.Collect$$libinit$$0000000C          0x08000292   Section        0  libinit2.o(.ARM.Collect$$libinit$$0000000C)
    .ARM.Collect$$libinit$$0000000E          0x08000292   Section        0  libinit2.o(.ARM.Collect$$libinit$$0000000E)
    .ARM.Collect$$libinit$$0000000F          0x08000292   Section        6  libinit2.o(.ARM.Collect$$libinit$$0000000F)
    .ARM.Collect$$libinit$$00000011          0x08000298   Section        0  libinit2.o(.ARM.Collect$$libinit$$00000011)
    .ARM.Collect$$libinit$$00000012          0x08000298   Section       12  libinit2.o(.ARM.Collect$$libinit$$00000012)
    .ARM.Collect$$libinit$$00000013          0x080002a4   Section        0  libinit2.o(.ARM.Collect$$libinit$$00000013)
    .ARM.Collect$$libinit$$00000015          0x080002a4   Section        0  libinit2.o(.ARM.Collect$$libinit$$00000015)
    .ARM.Collect$$libinit$$00000016          0x080002a4   Section       10  libinit2.o(.ARM.Collect$$libinit$$00000016)
    .ARM.Collect$$libinit$$00000017          0x080002ae   Section        0  libinit2.o(.ARM.Collect$$libinit$$00000017)
    .ARM.Collect$$libinit$$00000019          0x080002ae   Section        0  libinit2.o(.ARM.Collect$$libinit$$00000019)
    .ARM.Collect$$libinit$$0000001B          0x080002ae   Section        0  libinit2.o(.ARM.Collect$$libinit$$0000001B)
    .ARM.Collect$$libinit$$0000001D          0x080002ae   Section        0  libinit2.o(.ARM.Collect$$libinit$$0000001D)
    .ARM.Collect$$libinit$$0000001F          0x080002ae   Section        0  libinit2.o(.ARM.Collect$$libinit$$0000001F)
    .ARM.Collect$$libinit$$00000021          0x080002ae   Section        0  libinit2.o(.ARM.Collect$$libinit$$00000021)
    .ARM.Collect$$libinit$$00000023          0x080002ae   Section        0  libinit2.o(.ARM.Collect$$libinit$$00000023)
    .ARM.Collect$$libinit$$00000025          0x080002ae   Section        0  libinit2.o(.ARM.Collect$$libinit$$00000025)
    .ARM.Collect$$libinit$$0000002C          0x080002ae   Section        0  libinit2.o(.ARM.Collect$$libinit$$0000002C)
    .ARM.Collect$$libinit$$0000002E          0x080002ae   Section        0  libinit2.o(.ARM.Collect$$libinit$$0000002E)
    .ARM.Collect$$libinit$$00000030          0x080002ae   Section        0  libinit2.o(.ARM.Collect$$libinit$$00000030)
    .ARM.Collect$$libinit$$00000032          0x080002ae   Section        0  libinit2.o(.ARM.Collect$$libinit$$00000032)
    .ARM.Collect$$libinit$$00000033          0x080002ae   Section        2  libinit2.o(.ARM.Collect$$libinit$$00000033)
    .ARM.Collect$$libshutdown$$00000000      0x080002b0   Section        2  libshutdown.o(.ARM.Collect$$libshutdown$$00000000)
    .ARM.Collect$$libshutdown$$00000002      0x080002b2   Section        0  libshutdown2.o(.ARM.Collect$$libshutdown$$00000002)
    .ARM.Collect$$libshutdown$$00000004      0x080002b2   Section        0  libshutdown2.o(.ARM.Collect$$libshutdown$$00000004)
    .ARM.Collect$$libshutdown$$00000007      0x080002b2   Section        0  libshutdown2.o(.ARM.Collect$$libshutdown$$00000007)
    .ARM.Collect$$libshutdown$$0000000A      0x080002b2   Section        0  libshutdown2.o(.ARM.Collect$$libshutdown$$0000000A)
    .ARM.Collect$$libshutdown$$0000000C      0x080002b2   Section        0  libshutdown2.o(.ARM.Collect$$libshutdown$$0000000C)
    .ARM.Collect$$libshutdown$$0000000F      0x080002b2   Section        0  libshutdown2.o(.ARM.Collect$$libshutdown$$0000000F)
    .ARM.Collect$$libshutdown$$00000010      0x080002b2   Section        2  libshutdown2.o(.ARM.Collect$$libshutdown$$00000010)
    .ARM.Collect$$rtentry$$00000000          0x080002b4   Section        0  __rtentry.o(.ARM.Collect$$rtentry$$00000000)
    .ARM.Collect$$rtentry$$00000002          0x080002b4   Section        0  __rtentry2.o(.ARM.Collect$$rtentry$$00000002)
    .ARM.Collect$$rtentry$$00000004          0x080002b4   Section        6  __rtentry4.o(.ARM.Collect$$rtentry$$00000004)
    .ARM.Collect$$rtentry$$00000009          0x080002ba   Section        0  __rtentry2.o(.ARM.Collect$$rtentry$$00000009)
    .ARM.Collect$$rtentry$$0000000A          0x080002ba   Section        4  __rtentry2.o(.ARM.Collect$$rtentry$$0000000A)
    .ARM.Collect$$rtentry$$0000000C          0x080002be   Section        0  __rtentry2.o(.ARM.Collect$$rtentry$$0000000C)
    .ARM.Collect$$rtentry$$0000000D          0x080002be   Section        8  __rtentry2.o(.ARM.Collect$$rtentry$$0000000D)
    .ARM.Collect$$rtexit$$00000000           0x080002c6   Section        2  rtexit.o(.ARM.Collect$$rtexit$$00000000)
    .ARM.Collect$$rtexit$$00000002           0x080002c8   Section        0  rtexit2.o(.ARM.Collect$$rtexit$$00000002)
    .ARM.Collect$$rtexit$$00000003           0x080002c8   Section        4  rtexit2.o(.ARM.Collect$$rtexit$$00000003)
    .ARM.Collect$$rtexit$$00000004           0x080002cc   Section        6  rtexit2.o(.ARM.Collect$$rtexit$$00000004)
    .text                                    0x080002d4   Section       64  startup_stm32f40_41xxx.o(.text)
    $v0                                      0x080002d4   Number         0  startup_stm32f40_41xxx.o(.text)
    .text                                    0x08000314   Section        2  use_no_semi_2.o(.text)
    .text                                    0x08000318   Section        0  c89vsprintf.o(.text)
    .text                                    0x0800033c   Section        0  strlen.o(.text)
    .text                                    0x0800037a   Section       68  rt_memclr.o(.text)
    .text                                    0x080003be   Section        0  heapauxi.o(.text)
    .text                                    0x080003c4   Section        2  use_no_semi.o(.text)
    .text                                    0x080003c6   Section        0  _printf_pad.o(.text)
    .text                                    0x08000414   Section        0  _printf_truncate.o(.text)
    .text                                    0x08000438   Section        0  _printf_str.o(.text)
    .text                                    0x0800048c   Section        0  _printf_dec.o(.text)
    .text                                    0x08000504   Section        0  _printf_charcount.o(.text)
    .text                                    0x0800052c   Section        0  _printf_char_common.o(.text)
    _printf_input_char                       0x0800052d   Thumb Code    10  _printf_char_common.o(.text)
    .text                                    0x0800055c   Section        0  _sputc.o(.text)
    .text                                    0x08000568   Section        0  _printf_wctomb.o(.text)
    .text                                    0x08000624   Section        0  _printf_longlong_dec.o(.text)
    .text                                    0x080006a0   Section        0  _printf_oct_int_ll.o(.text)
    _printf_longlong_oct_internal            0x080006a1   Thumb Code     0  _printf_oct_int_ll.o(.text)
    .text                                    0x08000710   Section        0  _printf_hex_int_ll_ptr.o(.text)
    _printf_hex_common                       0x08000711   Thumb Code     0  _printf_hex_int_ll_ptr.o(.text)
    .text                                    0x080007a4   Section        0  __printf_flags_ss_wp.o(.text)
    .text                                    0x0800092c   Section       78  rt_memclr_w.o(.text)
    .text                                    0x0800097a   Section      138  lludiv10.o(.text)
    .text                                    0x08000a04   Section        0  _printf_intcommon.o(.text)
    .text                                    0x08000ab6   Section        0  _printf_fp_dec.o(.text)
    _fp_digits                               0x08000ab9   Thumb Code   428  _printf_fp_dec.o(.text)
    .text                                    0x08000ed0   Section        0  _printf_char.o(.text)
    .text                                    0x08000efc   Section        0  _printf_wchar.o(.text)
    .text                                    0x08000f28   Section        0  _wcrtomb.o(.text)
    .text                                    0x08000f68   Section       74  sys_stackheap_outer.o(.text)
    .text                                    0x08000fb4   Section       16  rt_ctype_table.o(.text)
    .text                                    0x08000fc4   Section        8  rt_locale_intlibspace.o(.text)
    .text                                    0x08000fcc   Section        0  _printf_fp_infnan.o(.text)
    .text                                    0x0800104c   Section        0  bigflt0.o(.text)
    .text                                    0x08001128   Section        0  exit.o(.text)
    .text                                    0x0800113c   Section        8  libspace.o(.text)
    .text                                    0x08001144   Section      128  strcmpv7m.o(.text)
    CL$$btod_d2e                             0x080011c4   Section       62  btod.o(CL$$btod_d2e)
    CL$$btod_d2e_denorm_low                  0x08001202   Section       70  btod.o(CL$$btod_d2e_denorm_low)
    CL$$btod_d2e_norm_op1                    0x08001248   Section       96  btod.o(CL$$btod_d2e_norm_op1)
    CL$$btod_div_common                      0x080012a8   Section      824  btod.o(CL$$btod_div_common)
    CL$$btod_e2e                             0x080015e0   Section      198  btod.o(CL$$btod_e2e)
    CL$$btod_ediv                            0x080016a6   Section       40  btod.o(CL$$btod_ediv)
    CL$$btod_emul                            0x080016ce   Section       40  btod.o(CL$$btod_emul)
    CL$$btod_mult_common                     0x080016f6   Section      580  btod.o(CL$$btod_mult_common)
    i.BusFault_Handler                       0x0800193a   Section        0  stm32f4xx_it.o(i.BusFault_Handler)
    i.DebugMon_Handler                       0x0800193e   Section        0  stm32f4xx_it.o(i.DebugMon_Handler)
    i.GPIO_Init                              0x08001940   Section        0  stm32f4xx_gpio.o(i.GPIO_Init)
    i.GPIO_PinAFConfig                       0x080019d0   Section        0  stm32f4xx_gpio.o(i.GPIO_PinAFConfig)
    i.HardFault_Handler                      0x08001a16   Section        0  stm32f4xx_it.o(i.HardFault_Handler)
    i.MemManage_Handler                      0x08001a1a   Section        0  stm32f4xx_it.o(i.MemManage_Handler)
    i.NMI_Handler                            0x08001a1e   Section        0  stm32f4xx_it.o(i.NMI_Handler)
    i.NVIC_Init                              0x08001a20   Section        0  misc.o(i.NVIC_Init)
    i.NVIC_PriorityGroupConfig               0x08001a98   Section        0  misc.o(i.NVIC_PriorityGroupConfig)
    i.PendSV_Handler                         0x08001aac   Section        0  stm32f4xx_it.o(i.PendSV_Handler)
    i.RCC_AHB1PeriphClockCmd                 0x08001ab0   Section        0  stm32f4xx_rcc.o(i.RCC_AHB1PeriphClockCmd)
    i.RCC_APB2PeriphClockCmd                 0x08001ad0   Section        0  stm32f4xx_rcc.o(i.RCC_APB2PeriphClockCmd)
    i.RCC_GetClocksFreq                      0x08001af0   Section        0  stm32f4xx_rcc.o(i.RCC_GetClocksFreq)
    i.SVC_Handler                            0x08001bd8   Section        0  stm32f4xx_it.o(i.SVC_Handler)
    i.SetSysClock                            0x08001bdc   Section        0  system_stm32f4xx.o(i.SetSysClock)
    SetSysClock                              0x08001bdd   Thumb Code   220  system_stm32f4xx.o(i.SetSysClock)
    i.SysTick_CLKSourceConfig                0x08001cc8   Section        0  misc.o(i.SysTick_CLKSourceConfig)
    i.SysTick_Handler                        0x08001cf0   Section        0  stm32f4xx_it.o(i.SysTick_Handler)
    i.SystemInit                             0x08001cf4   Section        0  system_stm32f4xx.o(i.SystemInit)
    i.USART1_IRQHandler                      0x08001d5c   Section        0  usart.o(i.USART1_IRQHandler)
    i.USART2_IRQHandler                      0x08001de4   Section        0  usart3.o(i.USART2_IRQHandler)
    i.USART3_IRQHandler                      0x08001e6c   Section        0  usart3.o(i.USART3_IRQHandler)
    i.USART_Cmd                              0x08001ef4   Section        0  stm32f4xx_usart.o(i.USART_Cmd)
    i.USART_GetFlagStatus                    0x08001f0c   Section        0  stm32f4xx_usart.o(i.USART_GetFlagStatus)
    i.USART_GetITStatus                      0x08001f26   Section        0  stm32f4xx_usart.o(i.USART_GetITStatus)
    i.USART_ITConfig                         0x08001f7a   Section        0  stm32f4xx_usart.o(i.USART_ITConfig)
    i.USART_Init                             0x08001fc4   Section        0  stm32f4xx_usart.o(i.USART_Init)
    i.USART_ReceiveData                      0x08002098   Section        0  stm32f4xx_usart.o(i.USART_ReceiveData)
    i.USART_SendData                         0x080020a2   Section        0  stm32f4xx_usart.o(i.USART_SendData)
    i.UsageFault_Handler                     0x080020aa   Section        0  stm32f4xx_it.o(i.UsageFault_Handler)
    i.__ARM_fpclassify                       0x080020ae   Section        0  fpclassify.o(i.__ARM_fpclassify)
    i._is_digit                              0x080020de   Section        0  __printf_wp.o(i._is_digit)
    i._sys_exit                              0x080020ec   Section        0  usart.o(i._sys_exit)
    i.delay_init                             0x080020f0   Section        0  delay.o(i.delay_init)
    i.delay_ms                               0x0800212c   Section        0  delay.o(i.delay_ms)
    i.delay_xms                              0x08002164   Section        0  delay.o(i.delay_xms)
    i.main                                   0x080021b0   Section        0  main.o(i.main)
    i.u1_printf                              0x080021f8   Section        0  usart.o(i.u1_printf)
    i.uart_init                              0x08002250   Section        0  usart.o(i.uart_init)
    locale$$code                             0x080022fc   Section       44  lc_numeric_c.o(locale$$code)
    locale$$code                             0x08002328   Section       44  lc_ctype_c.o(locale$$code)
    x$fpl$fpinit                             0x08002354   Section       10  fpinit.o(x$fpl$fpinit)
    $v0                                      0x08002354   Number         0  fpinit.o(x$fpl$fpinit)
    x$fpl$printf1                            0x0800235e   Section        4  printf1.o(x$fpl$printf1)
    $v0                                      0x0800235e   Number         0  printf1.o(x$fpl$printf1)
    x$fpl$usenofp                            0x08002362   Section        0  usenofp.o(x$fpl$usenofp)
    .constdata                               0x08002364   Section        8  _printf_wctomb.o(.constdata)
    initial_mbstate                          0x08002364   Data           8  _printf_wctomb.o(.constdata)
    .constdata                               0x0800236c   Section       40  _printf_hex_int_ll_ptr.o(.constdata)
    uc_hextab                                0x0800236c   Data          20  _printf_hex_int_ll_ptr.o(.constdata)
    lc_hextab                                0x08002380   Data          20  _printf_hex_int_ll_ptr.o(.constdata)
    .constdata                               0x08002394   Section       17  __printf_flags_ss_wp.o(.constdata)
    maptable                                 0x08002394   Data          17  __printf_flags_ss_wp.o(.constdata)
    .constdata                               0x080023a8   Section      148  bigflt0.o(.constdata)
    tenpwrs_x                                0x080023a8   Data          60  bigflt0.o(.constdata)
    tenpwrs_i                                0x080023e4   Data          64  bigflt0.o(.constdata)
    locale$$data                             0x0800245c   Section       28  lc_numeric_c.o(locale$$data)
    __lcnum_c_name                           0x08002460   Data           2  lc_numeric_c.o(locale$$data)
    __lcnum_c_start                          0x08002468   Data           0  lc_numeric_c.o(locale$$data)
    __lcnum_c_point                          0x08002474   Data           0  lc_numeric_c.o(locale$$data)
    __lcnum_c_thousands                      0x08002476   Data           0  lc_numeric_c.o(locale$$data)
    __lcnum_c_grouping                       0x08002477   Data           0  lc_numeric_c.o(locale$$data)
    locale$$data                             0x08002478   Section      272  lc_ctype_c.o(locale$$data)
    __lcnum_c_end                            0x08002478   Data           0  lc_numeric_c.o(locale$$data)
    __lcctype_c_name                         0x0800247c   Data           2  lc_ctype_c.o(locale$$data)
    __lcctype_c_start                        0x08002484   Data           0  lc_ctype_c.o(locale$$data)
    __lcctype_c_end                          0x08002588   Data           0  lc_ctype_c.o(locale$$data)
    .data                                    0x20000000   Section        4  usart3.o(.data)
    .data                                    0x20000004   Section        4  delay.o(.data)
    fac_us                                   0x20000004   Data           1  delay.o(.data)
    fac_ms                                   0x20000006   Data           2  delay.o(.data)
    .data                                    0x20000008   Section        6  usart.o(.data)
    .data                                    0x2000000e   Section       16  stm32f4xx_rcc.o(.data)
    APBAHBPrescTable                         0x2000000e   Data          16  stm32f4xx_rcc.o(.data)
    .bss                                     0x20000020   Section     4448  usart3.o(.bss)
    .bss                                     0x20001180   Section      400  usart.o(.bss)
    .bss                                     0x20001310   Section       96  libspace.o(.bss)
    HEAP                                     0x20001370   Section      512  startup_stm32f40_41xxx.o(HEAP)
    Heap_Mem                                 0x20001370   Data         512  startup_stm32f40_41xxx.o(HEAP)
    STACK                                    0x20001570   Section     1024  startup_stm32f40_41xxx.o(STACK)
    Stack_Mem                                0x20001570   Data        1024  startup_stm32f40_41xxx.o(STACK)
    __initial_sp                             0x20001970   Data           0  startup_stm32f40_41xxx.o(STACK)

    Global Symbols

    Symbol Name                              Value     Ov Type        Size  Object(Section)

    BuildAttributes$$THM_ISAv4$E$P$D$K$B$S$7EM$VFPi3$EXTD16$VFPS$VFMA$PE$A:L22UL41UL21$X:L11$S22US41US21$IEEE1$IW$USESV6$~STKCKD$USESV7$~SHL$OTIME$ROPI$IEEEJ$EBA8$UX$STANDARDLIB$REQ8$PRES8$EABIv2 0x00000000   Number         0  anon$$obj.o ABSOLUTE
    __ARM_use_no_argv                        0x00000000   Number         0  main.o ABSOLUTE
    _printf_flags                            0x00000000   Number         0  printf_stubs.o ABSOLUTE
    _printf_return_value                     0x00000000   Number         0  printf_stubs.o ABSOLUTE
    _printf_sizespec                         0x00000000   Number         0  printf_stubs.o ABSOLUTE
    _printf_widthprec                        0x00000000   Number         0  printf_stubs.o ABSOLUTE
    __ARM_exceptions_init                     - Undefined Weak Reference
    __alloca_initialize                       - Undefined Weak Reference
    __arm_preinit_                            - Undefined Weak Reference
    __cpp_initialize__aeabi_                  - Undefined Weak Reference
    __cxa_finalize                            - Undefined Weak Reference
    __sigvec_lookup                           - Undefined Weak Reference
    _atexit_init                              - Undefined Weak Reference
    _call_atexit_fns                          - Undefined Weak Reference
    _clock_init                               - Undefined Weak Reference
    _fp_trap_init                             - Undefined Weak Reference
    _fp_trap_shutdown                         - Undefined Weak Reference
    _get_lc_collate                           - Undefined Weak Reference
    _get_lc_monetary                          - Undefined Weak Reference
    _get_lc_time                              - Undefined Weak Reference
    _getenv_init                              - Undefined Weak Reference
    _handle_redirection                       - Undefined Weak Reference
    _init_alloc                               - Undefined Weak Reference
    _init_user_alloc                          - Undefined Weak Reference
    _initio                                   - Undefined Weak Reference
    _printf_fp_hex                            - Undefined Weak Reference
    _printf_mbtowc                            - Undefined Weak Reference
    _printf_wc                                - Undefined Weak Reference
    _rand_init                                - Undefined Weak Reference
    _signal_finish                            - Undefined Weak Reference
    _signal_init                              - Undefined Weak Reference
    _terminate_alloc                          - Undefined Weak Reference
    _terminate_user_alloc                     - Undefined Weak Reference
    _terminateio                              - Undefined Weak Reference
    __Vectors_Size                           0x00000188   Number         0  startup_stm32f40_41xxx.o ABSOLUTE
    __Vectors                                0x08000000   Data           4  startup_stm32f40_41xxx.o(RESET)
    __Vectors_End                            0x08000188   Data           0  startup_stm32f40_41xxx.o(RESET)
    __main                                   0x08000189   Thumb Code     8  __main.o(!!!main)
    __scatterload                            0x08000191   Thumb Code     0  __scatter.o(!!!scatter)
    __scatterload_rt2                        0x08000191   Thumb Code    44  __scatter.o(!!!scatter)
    __scatterload_rt2_thumb_only             0x08000191   Thumb Code     0  __scatter.o(!!!scatter)
    __scatterload_null                       0x0800019f   Thumb Code     0  __scatter.o(!!!scatter)
    __scatterload_copy                       0x080001c5   Thumb Code    26  __scatter_copy.o(!!handler_copy)
    __scatterload_zeroinit                   0x080001e1   Thumb Code    28  __scatter_zi.o(!!handler_zi)
    _printf_n                                0x080001fd   Thumb Code     0  _printf_n.o(.ARM.Collect$$_printf_percent$$00000001)
    _printf_percent                          0x080001fd   Thumb Code     0  _printf_percent.o(.ARM.Collect$$_printf_percent$$00000000)
    _printf_p                                0x08000203   Thumb Code     0  _printf_p.o(.ARM.Collect$$_printf_percent$$00000002)
    _printf_f                                0x08000209   Thumb Code     0  _printf_f.o(.ARM.Collect$$_printf_percent$$00000003)
    _printf_e                                0x0800020f   Thumb Code     0  _printf_e.o(.ARM.Collect$$_printf_percent$$00000004)
    _printf_g                                0x08000215   Thumb Code     0  _printf_g.o(.ARM.Collect$$_printf_percent$$00000005)
    _printf_a                                0x0800021b   Thumb Code     0  _printf_a.o(.ARM.Collect$$_printf_percent$$00000006)
    _printf_ll                               0x08000221   Thumb Code     0  _printf_ll.o(.ARM.Collect$$_printf_percent$$00000007)
    _printf_i                                0x0800022b   Thumb Code     0  _printf_i.o(.ARM.Collect$$_printf_percent$$00000008)
    _printf_d                                0x08000231   Thumb Code     0  _printf_d.o(.ARM.Collect$$_printf_percent$$00000009)
    _printf_u                                0x08000237   Thumb Code     0  _printf_u.o(.ARM.Collect$$_printf_percent$$0000000A)
    _printf_o                                0x0800023d   Thumb Code     0  _printf_o.o(.ARM.Collect$$_printf_percent$$0000000B)
    _printf_x                                0x08000243   Thumb Code     0  _printf_x.o(.ARM.Collect$$_printf_percent$$0000000C)
    _printf_lli                              0x08000249   Thumb Code     0  _printf_lli.o(.ARM.Collect$$_printf_percent$$0000000D)
    _printf_lld                              0x0800024f   Thumb Code     0  _printf_lld.o(.ARM.Collect$$_printf_percent$$0000000E)
    _printf_llu                              0x08000255   Thumb Code     0  _printf_llu.o(.ARM.Collect$$_printf_percent$$0000000F)
    _printf_llo                              0x0800025b   Thumb Code     0  _printf_llo.o(.ARM.Collect$$_printf_percent$$00000010)
    _printf_llx                              0x08000261   Thumb Code     0  _printf_llx.o(.ARM.Collect$$_printf_percent$$00000011)
    _printf_l                                0x08000267   Thumb Code     0  _printf_l.o(.ARM.Collect$$_printf_percent$$00000012)
    _printf_c                                0x08000271   Thumb Code     0  _printf_c.o(.ARM.Collect$$_printf_percent$$00000013)
    _printf_s                                0x08000277   Thumb Code     0  _printf_s.o(.ARM.Collect$$_printf_percent$$00000014)
    _printf_lc                               0x0800027d   Thumb Code     0  _printf_lc.o(.ARM.Collect$$_printf_percent$$00000015)
    _printf_ls                               0x08000283   Thumb Code     0  _printf_ls.o(.ARM.Collect$$_printf_percent$$00000016)
    _printf_percent_end                      0x08000289   Thumb Code     0  _printf_percent_end.o(.ARM.Collect$$_printf_percent$$00000017)
    __rt_lib_init                            0x0800028d   Thumb Code     0  libinit.o(.ARM.Collect$$libinit$$00000000)
    __rt_lib_init_fp_1                       0x0800028f   Thumb Code     0  libinit2.o(.ARM.Collect$$libinit$$00000001)
    __rt_lib_init_heap_1                     0x08000293   Thumb Code     0  libinit2.o(.ARM.Collect$$libinit$$0000000A)
    __rt_lib_init_lc_common                  0x08000293   Thumb Code     0  libinit2.o(.ARM.Collect$$libinit$$0000000F)
    __rt_lib_init_preinit_1                  0x08000293   Thumb Code     0  libinit2.o(.ARM.Collect$$libinit$$00000004)
    __rt_lib_init_rand_1                     0x08000293   Thumb Code     0  libinit2.o(.ARM.Collect$$libinit$$0000000E)
    __rt_lib_init_user_alloc_1               0x08000293   Thumb Code     0  libinit2.o(.ARM.Collect$$libinit$$0000000C)
    __rt_lib_init_lc_collate_1               0x08000299   Thumb Code     0  libinit2.o(.ARM.Collect$$libinit$$00000011)
    __rt_lib_init_lc_ctype_2                 0x08000299   Thumb Code     0  libinit2.o(.ARM.Collect$$libinit$$00000012)
    __rt_lib_init_lc_ctype_1                 0x080002a5   Thumb Code     0  libinit2.o(.ARM.Collect$$libinit$$00000013)
    __rt_lib_init_lc_monetary_1              0x080002a5   Thumb Code     0  libinit2.o(.ARM.Collect$$libinit$$00000015)
    __rt_lib_init_lc_numeric_2               0x080002a5   Thumb Code     0  libinit2.o(.ARM.Collect$$libinit$$00000016)
    __rt_lib_init_alloca_1                   0x080002af   Thumb Code     0  libinit2.o(.ARM.Collect$$libinit$$0000002E)
    __rt_lib_init_argv_1                     0x080002af   Thumb Code     0  libinit2.o(.ARM.Collect$$libinit$$0000002C)
    __rt_lib_init_atexit_1                   0x080002af   Thumb Code     0  libinit2.o(.ARM.Collect$$libinit$$0000001B)
    __rt_lib_init_clock_1                    0x080002af   Thumb Code     0  libinit2.o(.ARM.Collect$$libinit$$00000021)
    __rt_lib_init_cpp_1                      0x080002af   Thumb Code     0  libinit2.o(.ARM.Collect$$libinit$$00000032)
    __rt_lib_init_exceptions_1               0x080002af   Thumb Code     0  libinit2.o(.ARM.Collect$$libinit$$00000030)
    __rt_lib_init_fp_trap_1                  0x080002af   Thumb Code     0  libinit2.o(.ARM.Collect$$libinit$$0000001F)
    __rt_lib_init_getenv_1                   0x080002af   Thumb Code     0  libinit2.o(.ARM.Collect$$libinit$$00000023)
    __rt_lib_init_lc_numeric_1               0x080002af   Thumb Code     0  libinit2.o(.ARM.Collect$$libinit$$00000017)
    __rt_lib_init_lc_time_1                  0x080002af   Thumb Code     0  libinit2.o(.ARM.Collect$$libinit$$00000019)
    __rt_lib_init_return                     0x080002af   Thumb Code     0  libinit2.o(.ARM.Collect$$libinit$$00000033)
    __rt_lib_init_signal_1                   0x080002af   Thumb Code     0  libinit2.o(.ARM.Collect$$libinit$$0000001D)
    __rt_lib_init_stdio_1                    0x080002af   Thumb Code     0  libinit2.o(.ARM.Collect$$libinit$$00000025)
    __rt_lib_shutdown                        0x080002b1   Thumb Code     0  libshutdown.o(.ARM.Collect$$libshutdown$$00000000)
    __rt_lib_shutdown_cpp_1                  0x080002b3   Thumb Code     0  libshutdown2.o(.ARM.Collect$$libshutdown$$00000002)
    __rt_lib_shutdown_fp_trap_1              0x080002b3   Thumb Code     0  libshutdown2.o(.ARM.Collect$$libshutdown$$00000007)
    __rt_lib_shutdown_heap_1                 0x080002b3   Thumb Code     0  libshutdown2.o(.ARM.Collect$$libshutdown$$0000000F)
    __rt_lib_shutdown_return                 0x080002b3   Thumb Code     0  libshutdown2.o(.ARM.Collect$$libshutdown$$00000010)
    __rt_lib_shutdown_signal_1               0x080002b3   Thumb Code     0  libshutdown2.o(.ARM.Collect$$libshutdown$$0000000A)
    __rt_lib_shutdown_stdio_1                0x080002b3   Thumb Code     0  libshutdown2.o(.ARM.Collect$$libshutdown$$00000004)
    __rt_lib_shutdown_user_alloc_1           0x080002b3   Thumb Code     0  libshutdown2.o(.ARM.Collect$$libshutdown$$0000000C)
    __rt_entry                               0x080002b5   Thumb Code     0  __rtentry.o(.ARM.Collect$$rtentry$$00000000)
    __rt_entry_presh_1                       0x080002b5   Thumb Code     0  __rtentry2.o(.ARM.Collect$$rtentry$$00000002)
    __rt_entry_sh                            0x080002b5   Thumb Code     0  __rtentry4.o(.ARM.Collect$$rtentry$$00000004)
    __rt_entry_li                            0x080002bb   Thumb Code     0  __rtentry2.o(.ARM.Collect$$rtentry$$0000000A)
    __rt_entry_postsh_1                      0x080002bb   Thumb Code     0  __rtentry2.o(.ARM.Collect$$rtentry$$00000009)
    __rt_entry_main                          0x080002bf   Thumb Code     0  __rtentry2.o(.ARM.Collect$$rtentry$$0000000D)
    __rt_entry_postli_1                      0x080002bf   Thumb Code     0  __rtentry2.o(.ARM.Collect$$rtentry$$0000000C)
    __rt_exit                                0x080002c7   Thumb Code     0  rtexit.o(.ARM.Collect$$rtexit$$00000000)
    __rt_exit_ls                             0x080002c9   Thumb Code     0  rtexit2.o(.ARM.Collect$$rtexit$$00000003)
    __rt_exit_prels_1                        0x080002c9   Thumb Code     0  rtexit2.o(.ARM.Collect$$rtexit$$00000002)
    __rt_exit_exit                           0x080002cd   Thumb Code     0  rtexit2.o(.ARM.Collect$$rtexit$$00000004)
    Reset_Handler                            0x080002d5   Thumb Code     8  startup_stm32f40_41xxx.o(.text)
    ADC_IRQHandler                           0x080002ef   Thumb Code     0  startup_stm32f40_41xxx.o(.text)
    CAN1_RX0_IRQHandler                      0x080002ef   Thumb Code     0  startup_stm32f40_41xxx.o(.text)
    CAN1_RX1_IRQHandler                      0x080002ef   Thumb Code     0  startup_stm32f40_41xxx.o(.text)
    CAN1_SCE_IRQHandler                      0x080002ef   Thumb Code     0  startup_stm32f40_41xxx.o(.text)
    CAN1_TX_IRQHandler                       0x080002ef   Thumb Code     0  startup_stm32f40_41xxx.o(.text)
    CAN2_RX0_IRQHandler                      0x080002ef   Thumb Code     0  startup_stm32f40_41xxx.o(.text)
    CAN2_RX1_IRQHandler                      0x080002ef   Thumb Code     0  startup_stm32f40_41xxx.o(.text)
    CAN2_SCE_IRQHandler                      0x080002ef   Thumb Code     0  startup_stm32f40_41xxx.o(.text)
    CAN2_TX_IRQHandler                       0x080002ef   Thumb Code     0  startup_stm32f40_41xxx.o(.text)
    CRYP_IRQHandler                          0x080002ef   Thumb Code     0  startup_stm32f40_41xxx.o(.text)
    DCMI_IRQHandler                          0x080002ef   Thumb Code     0  startup_stm32f40_41xxx.o(.text)
    DMA1_Stream0_IRQHandler                  0x080002ef   Thumb Code     0  startup_stm32f40_41xxx.o(.text)
    DMA1_Stream1_IRQHandler                  0x080002ef   Thumb Code     0  startup_stm32f40_41xxx.o(.text)
    DMA1_Stream2_IRQHandler                  0x080002ef   Thumb Code     0  startup_stm32f40_41xxx.o(.text)
    DMA1_Stream3_IRQHandler                  0x080002ef   Thumb Code     0  startup_stm32f40_41xxx.o(.text)
    DMA1_Stream4_IRQHandler                  0x080002ef   Thumb Code     0  startup_stm32f40_41xxx.o(.text)
    DMA1_Stream5_IRQHandler                  0x080002ef   Thumb Code     0  startup_stm32f40_41xxx.o(.text)
    DMA1_Stream6_IRQHandler                  0x080002ef   Thumb Code     0  startup_stm32f40_41xxx.o(.text)
    DMA1_Stream7_IRQHandler                  0x080002ef   Thumb Code     0  startup_stm32f40_41xxx.o(.text)
    DMA2_Stream0_IRQHandler                  0x080002ef   Thumb Code     0  startup_stm32f40_41xxx.o(.text)
    DMA2_Stream1_IRQHandler                  0x080002ef   Thumb Code     0  startup_stm32f40_41xxx.o(.text)
    DMA2_Stream2_IRQHandler                  0x080002ef   Thumb Code     0  startup_stm32f40_41xxx.o(.text)
    DMA2_Stream3_IRQHandler                  0x080002ef   Thumb Code     0  startup_stm32f40_41xxx.o(.text)
    DMA2_Stream4_IRQHandler                  0x080002ef   Thumb Code     0  startup_stm32f40_41xxx.o(.text)
    DMA2_Stream5_IRQHandler                  0x080002ef   Thumb Code     0  startup_stm32f40_41xxx.o(.text)
    DMA2_Stream6_IRQHandler                  0x080002ef   Thumb Code     0  startup_stm32f40_41xxx.o(.text)
    DMA2_Stream7_IRQHandler                  0x080002ef   Thumb Code     0  startup_stm32f40_41xxx.o(.text)
    ETH_IRQHandler                           0x080002ef   Thumb Code     0  startup_stm32f40_41xxx.o(.text)
    ETH_WKUP_IRQHandler                      0x080002ef   Thumb Code     0  startup_stm32f40_41xxx.o(.text)
    EXTI0_IRQHandler                         0x080002ef   Thumb Code     0  startup_stm32f40_41xxx.o(.text)
    EXTI15_10_IRQHandler                     0x080002ef   Thumb Code     0  startup_stm32f40_41xxx.o(.text)
    EXTI1_IRQHandler                         0x080002ef   Thumb Code     0  startup_stm32f40_41xxx.o(.text)
    EXTI2_IRQHandler                         0x080002ef   Thumb Code     0  startup_stm32f40_41xxx.o(.text)
    EXTI3_IRQHandler                         0x080002ef   Thumb Code     0  startup_stm32f40_41xxx.o(.text)
    EXTI4_IRQHandler                         0x080002ef   Thumb Code     0  startup_stm32f40_41xxx.o(.text)
    EXTI9_5_IRQHandler                       0x080002ef   Thumb Code     0  startup_stm32f40_41xxx.o(.text)
    FLASH_IRQHandler                         0x080002ef   Thumb Code     0  startup_stm32f40_41xxx.o(.text)
    FPU_IRQHandler                           0x080002ef   Thumb Code     0  startup_stm32f40_41xxx.o(.text)
    FSMC_IRQHandler                          0x080002ef   Thumb Code     0  startup_stm32f40_41xxx.o(.text)
    HASH_RNG_IRQHandler                      0x080002ef   Thumb Code     0  startup_stm32f40_41xxx.o(.text)
    I2C1_ER_IRQHandler                       0x080002ef   Thumb Code     0  startup_stm32f40_41xxx.o(.text)
    I2C1_EV_IRQHandler                       0x080002ef   Thumb Code     0  startup_stm32f40_41xxx.o(.text)
    I2C2_ER_IRQHandler                       0x080002ef   Thumb Code     0  startup_stm32f40_41xxx.o(.text)
    I2C2_EV_IRQHandler                       0x080002ef   Thumb Code     0  startup_stm32f40_41xxx.o(.text)
    I2C3_ER_IRQHandler                       0x080002ef   Thumb Code     0  startup_stm32f40_41xxx.o(.text)
    I2C3_EV_IRQHandler                       0x080002ef   Thumb Code     0  startup_stm32f40_41xxx.o(.text)
    OTG_FS_IRQHandler                        0x080002ef   Thumb Code     0  startup_stm32f40_41xxx.o(.text)
    OTG_FS_WKUP_IRQHandler                   0x080002ef   Thumb Code     0  startup_stm32f40_41xxx.o(.text)
    OTG_HS_EP1_IN_IRQHandler                 0x080002ef   Thumb Code     0  startup_stm32f40_41xxx.o(.text)
    OTG_HS_EP1_OUT_IRQHandler                0x080002ef   Thumb Code     0  startup_stm32f40_41xxx.o(.text)
    OTG_HS_IRQHandler                        0x080002ef   Thumb Code     0  startup_stm32f40_41xxx.o(.text)
    OTG_HS_WKUP_IRQHandler                   0x080002ef   Thumb Code     0  startup_stm32f40_41xxx.o(.text)
    PVD_IRQHandler                           0x080002ef   Thumb Code     0  startup_stm32f40_41xxx.o(.text)
    RCC_IRQHandler                           0x080002ef   Thumb Code     0  startup_stm32f40_41xxx.o(.text)
    RTC_Alarm_IRQHandler                     0x080002ef   Thumb Code     0  startup_stm32f40_41xxx.o(.text)
    RTC_WKUP_IRQHandler                      0x080002ef   Thumb Code     0  startup_stm32f40_41xxx.o(.text)
    SDIO_IRQHandler                          0x080002ef   Thumb Code     0  startup_stm32f40_41xxx.o(.text)
    SPI1_IRQHandler                          0x080002ef   Thumb Code     0  startup_stm32f40_41xxx.o(.text)
    SPI2_IRQHandler                          0x080002ef   Thumb Code     0  startup_stm32f40_41xxx.o(.text)
    SPI3_IRQHandler                          0x080002ef   Thumb Code     0  startup_stm32f40_41xxx.o(.text)
    TAMP_STAMP_IRQHandler                    0x080002ef   Thumb Code     0  startup_stm32f40_41xxx.o(.text)
    TIM1_BRK_TIM9_IRQHandler                 0x080002ef   Thumb Code     0  startup_stm32f40_41xxx.o(.text)
    TIM1_CC_IRQHandler                       0x080002ef   Thumb Code     0  startup_stm32f40_41xxx.o(.text)
    TIM1_TRG_COM_TIM11_IRQHandler            0x080002ef   Thumb Code     0  startup_stm32f40_41xxx.o(.text)
    TIM1_UP_TIM10_IRQHandler                 0x080002ef   Thumb Code     0  startup_stm32f40_41xxx.o(.text)
    TIM2_IRQHandler                          0x080002ef   Thumb Code     0  startup_stm32f40_41xxx.o(.text)
    TIM3_IRQHandler                          0x080002ef   Thumb Code     0  startup_stm32f40_41xxx.o(.text)
    TIM4_IRQHandler                          0x080002ef   Thumb Code     0  startup_stm32f40_41xxx.o(.text)
    TIM5_IRQHandler                          0x080002ef   Thumb Code     0  startup_stm32f40_41xxx.o(.text)
    TIM6_DAC_IRQHandler                      0x080002ef   Thumb Code     0  startup_stm32f40_41xxx.o(.text)
    TIM7_IRQHandler                          0x080002ef   Thumb Code     0  startup_stm32f40_41xxx.o(.text)
    TIM8_BRK_TIM12_IRQHandler                0x080002ef   Thumb Code     0  startup_stm32f40_41xxx.o(.text)
    TIM8_CC_IRQHandler                       0x080002ef   Thumb Code     0  startup_stm32f40_41xxx.o(.text)
    TIM8_TRG_COM_TIM14_IRQHandler            0x080002ef   Thumb Code     0  startup_stm32f40_41xxx.o(.text)
    TIM8_UP_TIM13_IRQHandler                 0x080002ef   Thumb Code     0  startup_stm32f40_41xxx.o(.text)
    UART4_IRQHandler                         0x080002ef   Thumb Code     0  startup_stm32f40_41xxx.o(.text)
    UART5_IRQHandler                         0x080002ef   Thumb Code     0  startup_stm32f40_41xxx.o(.text)
    USART6_IRQHandler                        0x080002ef   Thumb Code     0  startup_stm32f40_41xxx.o(.text)
    WWDG_IRQHandler                          0x080002ef   Thumb Code     0  startup_stm32f40_41xxx.o(.text)
    __user_initial_stackheap                 0x080002f1   Thumb Code     0  startup_stm32f40_41xxx.o(.text)
    __use_no_semihosting                     0x08000315   Thumb Code     2  use_no_semi_2.o(.text)
    __c89vsprintf                            0x08000319   Thumb Code    32  c89vsprintf.o(.text)
    strlen                                   0x0800033d   Thumb Code    62  strlen.o(.text)
    __aeabi_memclr                           0x0800037b   Thumb Code     0  rt_memclr.o(.text)
    __rt_memclr                              0x0800037b   Thumb Code    68  rt_memclr.o(.text)
    _memset                                  0x0800037f   Thumb Code     0  rt_memclr.o(.text)
    __use_two_region_memory                  0x080003bf   Thumb Code     2  heapauxi.o(.text)
    __rt_heap_escrow$2region                 0x080003c1   Thumb Code     2  heapauxi.o(.text)
    __rt_heap_expand$2region                 0x080003c3   Thumb Code     2  heapauxi.o(.text)
    __I$use$semihosting                      0x080003c5   Thumb Code     0  use_no_semi.o(.text)
    __use_no_semihosting_swi                 0x080003c5   Thumb Code     2  use_no_semi.o(.text)
    _printf_pre_padding                      0x080003c7   Thumb Code    44  _printf_pad.o(.text)
    _printf_post_padding                     0x080003f3   Thumb Code    34  _printf_pad.o(.text)
    _printf_truncate_signed                  0x08000415   Thumb Code    18  _printf_truncate.o(.text)
    _printf_truncate_unsigned                0x08000427   Thumb Code    18  _printf_truncate.o(.text)
    _printf_str                              0x08000439   Thumb Code    82  _printf_str.o(.text)
    _printf_int_dec                          0x0800048d   Thumb Code   104  _printf_dec.o(.text)
    _printf_charcount                        0x08000505   Thumb Code    40  _printf_charcount.o(.text)
    _printf_char_common                      0x08000537   Thumb Code    32  _printf_char_common.o(.text)
    _sputc                                   0x0800055d   Thumb Code    10  _sputc.o(.text)
    _printf_wctomb                           0x08000569   Thumb Code   182  _printf_wctomb.o(.text)
    _printf_longlong_dec                     0x08000625   Thumb Code   108  _printf_longlong_dec.o(.text)
    _printf_longlong_oct                     0x080006a1   Thumb Code    68  _printf_oct_int_ll.o(.text)
    _printf_int_oct                          0x080006e5   Thumb Code    24  _printf_oct_int_ll.o(.text)
    _printf_ll_oct                           0x080006fd   Thumb Code    12  _printf_oct_int_ll.o(.text)
    _printf_longlong_hex                     0x08000711   Thumb Code    86  _printf_hex_int_ll_ptr.o(.text)
    _printf_int_hex                          0x08000767   Thumb Code    28  _printf_hex_int_ll_ptr.o(.text)
    _printf_ll_hex                           0x08000783   Thumb Code    12  _printf_hex_int_ll_ptr.o(.text)
    _printf_hex_ptr                          0x0800078f   Thumb Code    18  _printf_hex_int_ll_ptr.o(.text)
    __printf                                 0x080007a5   Thumb Code   388  __printf_flags_ss_wp.o(.text)
    __aeabi_memclr4                          0x0800092d   Thumb Code     0  rt_memclr_w.o(.text)
    __aeabi_memclr8                          0x0800092d   Thumb Code     0  rt_memclr_w.o(.text)
    __rt_memclr_w                            0x0800092d   Thumb Code    78  rt_memclr_w.o(.text)
    _memset_w                                0x08000931   Thumb Code     0  rt_memclr_w.o(.text)
    _ll_udiv10                               0x0800097b   Thumb Code   138  lludiv10.o(.text)
    _printf_int_common                       0x08000a05   Thumb Code   178  _printf_intcommon.o(.text)
    __lib_sel_fp_printf                      0x08000ab7   Thumb Code     2  _printf_fp_dec.o(.text)
    _printf_fp_dec_real                      0x08000c65   Thumb Code   620  _printf_fp_dec.o(.text)
    _printf_cs_common                        0x08000ed1   Thumb Code    20  _printf_char.o(.text)
    _printf_char                             0x08000ee5   Thumb Code    16  _printf_char.o(.text)
    _printf_string                           0x08000ef5   Thumb Code     8  _printf_char.o(.text)
    _printf_lcs_common                       0x08000efd   Thumb Code    20  _printf_wchar.o(.text)
    _printf_wchar                            0x08000f11   Thumb Code    16  _printf_wchar.o(.text)
    _printf_wstring                          0x08000f21   Thumb Code     8  _printf_wchar.o(.text)
    _wcrtomb                                 0x08000f29   Thumb Code    64  _wcrtomb.o(.text)
    __user_setup_stackheap                   0x08000f69   Thumb Code    74  sys_stackheap_outer.o(.text)
    __rt_ctype_table                         0x08000fb5   Thumb Code    16  rt_ctype_table.o(.text)
    __rt_locale                              0x08000fc5   Thumb Code     8  rt_locale_intlibspace.o(.text)
    _printf_fp_infnan                        0x08000fcd   Thumb Code   112  _printf_fp_infnan.o(.text)
    _btod_etento                             0x0800104d   Thumb Code   216  bigflt0.o(.text)
    exit                                     0x08001129   Thumb Code    18  exit.o(.text)
    __user_libspace                          0x0800113d   Thumb Code     8  libspace.o(.text)
    __user_perproc_libspace                  0x0800113d   Thumb Code     0  libspace.o(.text)
    __user_perthread_libspace                0x0800113d   Thumb Code     0  libspace.o(.text)
    strcmp                                   0x08001145   Thumb Code   128  strcmpv7m.o(.text)
    _btod_d2e                                0x080011c5   Thumb Code    62  btod.o(CL$$btod_d2e)
    _d2e_denorm_low                          0x08001203   Thumb Code    70  btod.o(CL$$btod_d2e_denorm_low)
    _d2e_norm_op1                            0x08001249   Thumb Code    96  btod.o(CL$$btod_d2e_norm_op1)
    __btod_div_common                        0x080012a9   Thumb Code   696  btod.o(CL$$btod_div_common)
    _e2e                                     0x080015e1   Thumb Code   198  btod.o(CL$$btod_e2e)
    _btod_ediv                               0x080016a7   Thumb Code    40  btod.o(CL$$btod_ediv)
    _btod_emul                               0x080016cf   Thumb Code    40  btod.o(CL$$btod_emul)
    __btod_mult_common                       0x080016f7   Thumb Code   580  btod.o(CL$$btod_mult_common)
    BusFault_Handler                         0x0800193b   Thumb Code     4  stm32f4xx_it.o(i.BusFault_Handler)
    DebugMon_Handler                         0x0800193f   Thumb Code     2  stm32f4xx_it.o(i.DebugMon_Handler)
    GPIO_Init                                0x08001941   Thumb Code   144  stm32f4xx_gpio.o(i.GPIO_Init)
    GPIO_PinAFConfig                         0x080019d1   Thumb Code    70  stm32f4xx_gpio.o(i.GPIO_PinAFConfig)
    HardFault_Handler                        0x08001a17   Thumb Code     4  stm32f4xx_it.o(i.HardFault_Handler)
    MemManage_Handler                        0x08001a1b   Thumb Code     4  stm32f4xx_it.o(i.MemManage_Handler)
    NMI_Handler                              0x08001a1f   Thumb Code     2  stm32f4xx_it.o(i.NMI_Handler)
    NVIC_Init                                0x08001a21   Thumb Code   106  misc.o(i.NVIC_Init)
    NVIC_PriorityGroupConfig                 0x08001a99   Thumb Code    10  misc.o(i.NVIC_PriorityGroupConfig)
    PendSV_Handler                           0x08001aad   Thumb Code     2  stm32f4xx_it.o(i.PendSV_Handler)
    RCC_AHB1PeriphClockCmd                   0x08001ab1   Thumb Code    26  stm32f4xx_rcc.o(i.RCC_AHB1PeriphClockCmd)
    RCC_APB2PeriphClockCmd                   0x08001ad1   Thumb Code    26  stm32f4xx_rcc.o(i.RCC_APB2PeriphClockCmd)
    RCC_GetClocksFreq                        0x08001af1   Thumb Code   214  stm32f4xx_rcc.o(i.RCC_GetClocksFreq)
    SVC_Handler                              0x08001bd9   Thumb Code     2  stm32f4xx_it.o(i.SVC_Handler)
    SysTick_CLKSourceConfig                  0x08001cc9   Thumb Code    40  misc.o(i.SysTick_CLKSourceConfig)
    SysTick_Handler                          0x08001cf1   Thumb Code     2  stm32f4xx_it.o(i.SysTick_Handler)
    SystemInit                               0x08001cf5   Thumb Code    88  system_stm32f4xx.o(i.SystemInit)
    USART1_IRQHandler                        0x08001d5d   Thumb Code   122  usart.o(i.USART1_IRQHandler)
    USART2_IRQHandler                        0x08001de5   Thumb Code   122  usart3.o(i.USART2_IRQHandler)
    USART3_IRQHandler                        0x08001e6d   Thumb Code   122  usart3.o(i.USART3_IRQHandler)
    USART_Cmd                                0x08001ef5   Thumb Code    24  stm32f4xx_usart.o(i.USART_Cmd)
    USART_GetFlagStatus                      0x08001f0d   Thumb Code    26  stm32f4xx_usart.o(i.USART_GetFlagStatus)
    USART_GetITStatus                        0x08001f27   Thumb Code    84  stm32f4xx_usart.o(i.USART_GetITStatus)
    USART_ITConfig                           0x08001f7b   Thumb Code    74  stm32f4xx_usart.o(i.USART_ITConfig)
    USART_Init                               0x08001fc5   Thumb Code   204  stm32f4xx_usart.o(i.USART_Init)
    USART_ReceiveData                        0x08002099   Thumb Code    10  stm32f4xx_usart.o(i.USART_ReceiveData)
    USART_SendData                           0x080020a3   Thumb Code     8  stm32f4xx_usart.o(i.USART_SendData)
    UsageFault_Handler                       0x080020ab   Thumb Code     4  stm32f4xx_it.o(i.UsageFault_Handler)
    __ARM_fpclassify                         0x080020af   Thumb Code    48  fpclassify.o(i.__ARM_fpclassify)
    _is_digit                                0x080020df   Thumb Code    14  __printf_wp.o(i._is_digit)
    _sys_exit                                0x080020ed   Thumb Code     4  usart.o(i._sys_exit)
    delay_init                               0x080020f1   Thumb Code    52  delay.o(i.delay_init)
    delay_ms                                 0x0800212d   Thumb Code    56  delay.o(i.delay_ms)
    delay_xms                                0x08002165   Thumb Code    72  delay.o(i.delay_xms)
    main                                     0x080021b1   Thumb Code    44  main.o(i.main)
    u1_printf                                0x080021f9   Thumb Code    80  usart.o(i.u1_printf)
    uart_init                                0x08002251   Thumb Code   164  usart.o(i.uart_init)
    _get_lc_numeric                          0x080022fd   Thumb Code    44  lc_numeric_c.o(locale$$code)
    _get_lc_ctype                            0x08002329   Thumb Code    44  lc_ctype_c.o(locale$$code)
    _fp_init                                 0x08002355   Thumb Code    10  fpinit.o(x$fpl$fpinit)
    __fplib_config_fpu_vfp                   0x0800235d   Thumb Code     0  fpinit.o(x$fpl$fpinit)
    __fplib_config_pureend_doubles           0x0800235d   Thumb Code     0  fpinit.o(x$fpl$fpinit)
    _printf_fp_dec                           0x0800235f   Thumb Code     4  printf1.o(x$fpl$printf1)
    __I$use$fp                               0x08002362   Number         0  usenofp.o(x$fpl$usenofp)
    Region$$Table$$Base                      0x0800243c   Number         0  anon$$obj.o(Region$$Table)
    Region$$Table$$Limit                     0x0800245c   Number         0  anon$$obj.o(Region$$Table)
    __ctype                                  0x08002485   Data           0  lc_ctype_c.o(locale$$data)
    USART3_RX_STA                            0x20000000   Data           2  usart3.o(.data)
    USART2_RX_STA                            0x20000002   Data           2  usart3.o(.data)
    __stdout                                 0x20000008   Data           4  usart.o(.data)
    USART_RX_STA                             0x2000000c   Data           2  usart.o(.data)
    USART2_TX_BUF                            0x20000020   Data        1200  usart3.o(.bss)
    USART3_TX_BUF                            0x200004d0   Data        1200  usart3.o(.bss)
    USART2_RX_BUF                            0x20000980   Data        1024  usart3.o(.bss)
    USART3_RX_BUF                            0x20000d80   Data        1024  usart3.o(.bss)
    USART_RX_BUF                             0x20001180   Data         200  usart.o(.bss)
    USART1_TX_BUF                            0x20001248   Data         200  usart.o(.bss)
    __libspace_start                         0x20001310   Data          96  libspace.o(.bss)
    __temporary_stack_top$libspace           0x20001370   Data           0  libspace.o(.bss)



==============================================================================

Memory Map of the image

  Image Entry point : 0x08000189

  Load Region LR_IROM1 (Base: 0x08000000, Size: 0x000025a8, Max: 0x00100000, ABSOLUTE)

    Execution Region ER_IROM1 (Base: 0x08000000, Size: 0x00002588, Max: 0x00100000, ABSOLUTE)

    Base Addr    Size         Type   Attr      Idx    E Section Name        Object

    0x08000000   0x00000188   Data   RO          538    RESET               startup_stm32f40_41xxx.o
    0x08000188   0x00000008   Code   RO         1275  * !!!main             c_w.l(__main.o)
    0x08000190   0x00000034   Code   RO         1587    !!!scatter          c_w.l(__scatter.o)
    0x080001c4   0x0000001a   Code   RO         1589    !!handler_copy      c_w.l(__scatter_copy.o)
    0x080001de   0x00000002   PAD
    0x080001e0   0x0000001c   Code   RO         1591    !!handler_zi        c_w.l(__scatter_zi.o)
    0x080001fc   0x00000000   Code   RO         1361    .ARM.Collect$$_printf_percent$$00000000  c_w.l(_printf_percent.o)
    0x080001fc   0x00000006   Code   RO         1350    .ARM.Collect$$_printf_percent$$00000001  c_w.l(_printf_n.o)
    0x08000202   0x00000006   Code   RO         1352    .ARM.Collect$$_printf_percent$$00000002  c_w.l(_printf_p.o)
    0x08000208   0x00000006   Code   RO         1357    .ARM.Collect$$_printf_percent$$00000003  c_w.l(_printf_f.o)
    0x0800020e   0x00000006   Code   RO         1358    .ARM.Collect$$_printf_percent$$00000004  c_w.l(_printf_e.o)
    0x08000214   0x00000006   Code   RO         1359    .ARM.Collect$$_printf_percent$$00000005  c_w.l(_printf_g.o)
    0x0800021a   0x00000006   Code   RO         1360    .ARM.Collect$$_printf_percent$$00000006  c_w.l(_printf_a.o)
    0x08000220   0x0000000a   Code   RO         1365    .ARM.Collect$$_printf_percent$$00000007  c_w.l(_printf_ll.o)
    0x0800022a   0x00000006   Code   RO         1354    .ARM.Collect$$_printf_percent$$00000008  c_w.l(_printf_i.o)
    0x08000230   0x00000006   Code   RO         1355    .ARM.Collect$$_printf_percent$$00000009  c_w.l(_printf_d.o)
    0x08000236   0x00000006   Code   RO         1356    .ARM.Collect$$_printf_percent$$0000000A  c_w.l(_printf_u.o)
    0x0800023c   0x00000006   Code   RO         1353    .ARM.Collect$$_printf_percent$$0000000B  c_w.l(_printf_o.o)
    0x08000242   0x00000006   Code   RO         1351    .ARM.Collect$$_printf_percent$$0000000C  c_w.l(_printf_x.o)
    0x08000248   0x00000006   Code   RO         1362    .ARM.Collect$$_printf_percent$$0000000D  c_w.l(_printf_lli.o)
    0x0800024e   0x00000006   Code   RO         1363    .ARM.Collect$$_printf_percent$$0000000E  c_w.l(_printf_lld.o)
    0x08000254   0x00000006   Code   RO         1364    .ARM.Collect$$_printf_percent$$0000000F  c_w.l(_printf_llu.o)
    0x0800025a   0x00000006   Code   RO         1369    .ARM.Collect$$_printf_percent$$00000010  c_w.l(_printf_llo.o)
    0x08000260   0x00000006   Code   RO         1370    .ARM.Collect$$_printf_percent$$00000011  c_w.l(_printf_llx.o)
    0x08000266   0x0000000a   Code   RO         1366    .ARM.Collect$$_printf_percent$$00000012  c_w.l(_printf_l.o)
    0x08000270   0x00000006   Code   RO         1348    .ARM.Collect$$_printf_percent$$00000013  c_w.l(_printf_c.o)
    0x08000276   0x00000006   Code   RO         1349    .ARM.Collect$$_printf_percent$$00000014  c_w.l(_printf_s.o)
    0x0800027c   0x00000006   Code   RO         1367    .ARM.Collect$$_printf_percent$$00000015  c_w.l(_printf_lc.o)
    0x08000282   0x00000006   Code   RO         1368    .ARM.Collect$$_printf_percent$$00000016  c_w.l(_printf_ls.o)
    0x08000288   0x00000004   Code   RO         1402    .ARM.Collect$$_printf_percent$$00000017  c_w.l(_printf_percent_end.o)
    0x0800028c   0x00000002   Code   RO         1451    .ARM.Collect$$libinit$$00000000  c_w.l(libinit.o)
    0x0800028e   0x00000004   Code   RO         1467    .ARM.Collect$$libinit$$00000001  c_w.l(libinit2.o)
    0x08000292   0x00000000   Code   RO         1470    .ARM.Collect$$libinit$$00000004  c_w.l(libinit2.o)
    0x08000292   0x00000000   Code   RO         1473    .ARM.Collect$$libinit$$0000000A  c_w.l(libinit2.o)
    0x08000292   0x00000000   Code   RO         1475    .ARM.Collect$$libinit$$0000000C  c_w.l(libinit2.o)
    0x08000292   0x00000000   Code   RO         1477    .ARM.Collect$$libinit$$0000000E  c_w.l(libinit2.o)
    0x08000292   0x00000006   Code   RO         1478    .ARM.Collect$$libinit$$0000000F  c_w.l(libinit2.o)
    0x08000298   0x00000000   Code   RO         1480    .ARM.Collect$$libinit$$00000011  c_w.l(libinit2.o)
    0x08000298   0x0000000c   Code   RO         1481    .ARM.Collect$$libinit$$00000012  c_w.l(libinit2.o)
    0x080002a4   0x00000000   Code   RO         1482    .ARM.Collect$$libinit$$00000013  c_w.l(libinit2.o)
    0x080002a4   0x00000000   Code   RO         1484    .ARM.Collect$$libinit$$00000015  c_w.l(libinit2.o)
    0x080002a4   0x0000000a   Code   RO         1485    .ARM.Collect$$libinit$$00000016  c_w.l(libinit2.o)
    0x080002ae   0x00000000   Code   RO         1486    .ARM.Collect$$libinit$$00000017  c_w.l(libinit2.o)
    0x080002ae   0x00000000   Code   RO         1488    .ARM.Collect$$libinit$$00000019  c_w.l(libinit2.o)
    0x080002ae   0x00000000   Code   RO         1490    .ARM.Collect$$libinit$$0000001B  c_w.l(libinit2.o)
    0x080002ae   0x00000000   Code   RO         1492    .ARM.Collect$$libinit$$0000001D  c_w.l(libinit2.o)
    0x080002ae   0x00000000   Code   RO         1494    .ARM.Collect$$libinit$$0000001F  c_w.l(libinit2.o)
    0x080002ae   0x00000000   Code   RO         1496    .ARM.Collect$$libinit$$00000021  c_w.l(libinit2.o)
    0x080002ae   0x00000000   Code   RO         1498    .ARM.Collect$$libinit$$00000023  c_w.l(libinit2.o)
    0x080002ae   0x00000000   Code   RO         1500    .ARM.Collect$$libinit$$00000025  c_w.l(libinit2.o)
    0x080002ae   0x00000000   Code   RO         1504    .ARM.Collect$$libinit$$0000002C  c_w.l(libinit2.o)
    0x080002ae   0x00000000   Code   RO         1506    .ARM.Collect$$libinit$$0000002E  c_w.l(libinit2.o)
    0x080002ae   0x00000000   Code   RO         1508    .ARM.Collect$$libinit$$00000030  c_w.l(libinit2.o)
    0x080002ae   0x00000000   Code   RO         1510    .ARM.Collect$$libinit$$00000032  c_w.l(libinit2.o)
    0x080002ae   0x00000002   Code   RO         1511    .ARM.Collect$$libinit$$00000033  c_w.l(libinit2.o)
    0x080002b0   0x00000002   Code   RO         1529    .ARM.Collect$$libshutdown$$00000000  c_w.l(libshutdown.o)
    0x080002b2   0x00000000   Code   RO         1539    .ARM.Collect$$libshutdown$$00000002  c_w.l(libshutdown2.o)
    0x080002b2   0x00000000   Code   RO         1541    .ARM.Collect$$libshutdown$$00000004  c_w.l(libshutdown2.o)
    0x080002b2   0x00000000   Code   RO         1544    .ARM.Collect$$libshutdown$$00000007  c_w.l(libshutdown2.o)
    0x080002b2   0x00000000   Code   RO         1547    .ARM.Collect$$libshutdown$$0000000A  c_w.l(libshutdown2.o)
    0x080002b2   0x00000000   Code   RO         1549    .ARM.Collect$$libshutdown$$0000000C  c_w.l(libshutdown2.o)
    0x080002b2   0x00000000   Code   RO         1552    .ARM.Collect$$libshutdown$$0000000F  c_w.l(libshutdown2.o)
    0x080002b2   0x00000002   Code   RO         1553    .ARM.Collect$$libshutdown$$00000010  c_w.l(libshutdown2.o)
    0x080002b4   0x00000000   Code   RO         1279    .ARM.Collect$$rtentry$$00000000  c_w.l(__rtentry.o)
    0x080002b4   0x00000000   Code   RO         1376    .ARM.Collect$$rtentry$$00000002  c_w.l(__rtentry2.o)
    0x080002b4   0x00000006   Code   RO         1388    .ARM.Collect$$rtentry$$00000004  c_w.l(__rtentry4.o)
    0x080002ba   0x00000000   Code   RO         1378    .ARM.Collect$$rtentry$$00000009  c_w.l(__rtentry2.o)
    0x080002ba   0x00000004   Code   RO         1379    .ARM.Collect$$rtentry$$0000000A  c_w.l(__rtentry2.o)
    0x080002be   0x00000000   Code   RO         1381    .ARM.Collect$$rtentry$$0000000C  c_w.l(__rtentry2.o)
    0x080002be   0x00000008   Code   RO         1382    .ARM.Collect$$rtentry$$0000000D  c_w.l(__rtentry2.o)
    0x080002c6   0x00000002   Code   RO         1460    .ARM.Collect$$rtexit$$00000000  c_w.l(rtexit.o)
    0x080002c8   0x00000000   Code   RO         1513    .ARM.Collect$$rtexit$$00000002  c_w.l(rtexit2.o)
    0x080002c8   0x00000004   Code   RO         1514    .ARM.Collect$$rtexit$$00000003  c_w.l(rtexit2.o)
    0x080002cc   0x00000006   Code   RO         1515    .ARM.Collect$$rtexit$$00000004  c_w.l(rtexit2.o)
    0x080002d2   0x00000002   PAD
    0x080002d4   0x00000040   Code   RO          539    .text               startup_stm32f40_41xxx.o
    0x08000314   0x00000002   Code   RO         1265    .text               c_w.l(use_no_semi_2.o)
    0x08000316   0x00000002   PAD
    0x08000318   0x00000024   Code   RO         1267    .text               c_w.l(c89vsprintf.o)
    0x0800033c   0x0000003e   Code   RO         1269    .text               c_w.l(strlen.o)
    0x0800037a   0x00000044   Code   RO         1271    .text               c_w.l(rt_memclr.o)
    0x080003be   0x00000006   Code   RO         1273    .text               c_w.l(heapauxi.o)
    0x080003c4   0x00000002   Code   RO         1277    .text               c_w.l(use_no_semi.o)
    0x080003c6   0x0000004e   Code   RO         1282    .text               c_w.l(_printf_pad.o)
    0x08000414   0x00000024   Code   RO         1284    .text               c_w.l(_printf_truncate.o)
    0x08000438   0x00000052   Code   RO         1286    .text               c_w.l(_printf_str.o)
    0x0800048a   0x00000002   PAD
    0x0800048c   0x00000078   Code   RO         1288    .text               c_w.l(_printf_dec.o)
    0x08000504   0x00000028   Code   RO         1290    .text               c_w.l(_printf_charcount.o)
    0x0800052c   0x00000030   Code   RO         1292    .text               c_w.l(_printf_char_common.o)
    0x0800055c   0x0000000a   Code   RO         1294    .text               c_w.l(_sputc.o)
    0x08000566   0x00000002   PAD
    0x08000568   0x000000bc   Code   RO         1296    .text               c_w.l(_printf_wctomb.o)
    0x08000624   0x0000007c   Code   RO         1299    .text               c_w.l(_printf_longlong_dec.o)
    0x080006a0   0x00000070   Code   RO         1305    .text               c_w.l(_printf_oct_int_ll.o)
    0x08000710   0x00000094   Code   RO         1325    .text               c_w.l(_printf_hex_int_ll_ptr.o)
    0x080007a4   0x00000188   Code   RO         1345    .text               c_w.l(__printf_flags_ss_wp.o)
    0x0800092c   0x0000004e   Code   RO         1371    .text               c_w.l(rt_memclr_w.o)
    0x0800097a   0x0000008a   Code   RO         1390    .text               c_w.l(lludiv10.o)
    0x08000a04   0x000000b2   Code   RO         1392    .text               c_w.l(_printf_intcommon.o)
    0x08000ab6   0x0000041a   Code   RO         1394    .text               c_w.l(_printf_fp_dec.o)
    0x08000ed0   0x0000002c   Code   RO         1398    .text               c_w.l(_printf_char.o)
    0x08000efc   0x0000002c   Code   RO         1400    .text               c_w.l(_printf_wchar.o)
    0x08000f28   0x00000040   Code   RO         1403    .text               c_w.l(_wcrtomb.o)
    0x08000f68   0x0000004a   Code   RO         1405    .text               c_w.l(sys_stackheap_outer.o)
    0x08000fb2   0x00000002   PAD
    0x08000fb4   0x00000010   Code   RO         1407    .text               c_w.l(rt_ctype_table.o)
    0x08000fc4   0x00000008   Code   RO         1412    .text               c_w.l(rt_locale_intlibspace.o)
    0x08000fcc   0x00000080   Code   RO         1414    .text               c_w.l(_printf_fp_infnan.o)
    0x0800104c   0x000000dc   Code   RO         1416    .text               c_w.l(bigflt0.o)
    0x08001128   0x00000012   Code   RO         1444    .text               c_w.l(exit.o)
    0x0800113a   0x00000002   PAD
    0x0800113c   0x00000008   Code   RO         1457    .text               c_w.l(libspace.o)
    0x08001144   0x00000080   Code   RO         1465    .text               c_w.l(strcmpv7m.o)
    0x080011c4   0x0000003e   Code   RO         1419    CL$$btod_d2e        c_w.l(btod.o)
    0x08001202   0x00000046   Code   RO         1421    CL$$btod_d2e_denorm_low  c_w.l(btod.o)
    0x08001248   0x00000060   Code   RO         1420    CL$$btod_d2e_norm_op1  c_w.l(btod.o)
    0x080012a8   0x00000338   Code   RO         1429    CL$$btod_div_common  c_w.l(btod.o)
    0x080015e0   0x000000c6   Code   RO         1426    CL$$btod_e2e        c_w.l(btod.o)
    0x080016a6   0x00000028   Code   RO         1423    CL$$btod_ediv       c_w.l(btod.o)
    0x080016ce   0x00000028   Code   RO         1422    CL$$btod_emul       c_w.l(btod.o)
    0x080016f6   0x00000244   Code   RO         1428    CL$$btod_mult_common  c_w.l(btod.o)
    0x0800193a   0x00000004   Code   RO          160    i.BusFault_Handler  stm32f4xx_it.o
    0x0800193e   0x00000002   Code   RO          161    i.DebugMon_Handler  stm32f4xx_it.o
    0x08001940   0x00000090   Code   RO          590    i.GPIO_Init         stm32f4xx_gpio.o
    0x080019d0   0x00000046   Code   RO          591    i.GPIO_PinAFConfig  stm32f4xx_gpio.o
    0x08001a16   0x00000004   Code   RO          162    i.HardFault_Handler  stm32f4xx_it.o
    0x08001a1a   0x00000004   Code   RO          163    i.MemManage_Handler  stm32f4xx_it.o
    0x08001a1e   0x00000002   Code   RO          164    i.NMI_Handler       stm32f4xx_it.o
    0x08001a20   0x00000078   Code   RO          545    i.NVIC_Init         misc.o
    0x08001a98   0x00000014   Code   RO          546    i.NVIC_PriorityGroupConfig  misc.o
    0x08001aac   0x00000002   Code   RO          165    i.PendSV_Handler    stm32f4xx_it.o
    0x08001aae   0x00000002   PAD
    0x08001ab0   0x00000020   Code   RO          687    i.RCC_AHB1PeriphClockCmd  stm32f4xx_rcc.o
    0x08001ad0   0x00000020   Code   RO          699    i.RCC_APB2PeriphClockCmd  stm32f4xx_rcc.o
    0x08001af0   0x000000e8   Code   RO          708    i.RCC_GetClocksFreq  stm32f4xx_rcc.o
    0x08001bd8   0x00000002   Code   RO          166    i.SVC_Handler       stm32f4xx_it.o
    0x08001bda   0x00000002   PAD
    0x08001bdc   0x000000ec   Code   RO          257    i.SetSysClock       system_stm32f4xx.o
    0x08001cc8   0x00000028   Code   RO          549    i.SysTick_CLKSourceConfig  misc.o
    0x08001cf0   0x00000002   Code   RO          167    i.SysTick_Handler   stm32f4xx_it.o
    0x08001cf2   0x00000002   PAD
    0x08001cf4   0x00000068   Code   RO          259    i.SystemInit        system_stm32f4xx.o
    0x08001d5c   0x00000088   Code   RO          483    i.USART1_IRQHandler  usart.o
    0x08001de4   0x00000088   Code   RO          361    i.USART2_IRQHandler  usart3.o
    0x08001e6c   0x00000088   Code   RO          362    i.USART3_IRQHandler  usart3.o
    0x08001ef4   0x00000018   Code   RO         1081    i.USART_Cmd         stm32f4xx_usart.o
    0x08001f0c   0x0000001a   Code   RO         1084    i.USART_GetFlagStatus  stm32f4xx_usart.o
    0x08001f26   0x00000054   Code   RO         1085    i.USART_GetITStatus  stm32f4xx_usart.o
    0x08001f7a   0x0000004a   Code   RO         1087    i.USART_ITConfig    stm32f4xx_usart.o
    0x08001fc4   0x000000d4   Code   RO         1088    i.USART_Init        stm32f4xx_usart.o
    0x08002098   0x0000000a   Code   RO         1095    i.USART_ReceiveData  stm32f4xx_usart.o
    0x080020a2   0x00000008   Code   RO         1098    i.USART_SendData    stm32f4xx_usart.o
    0x080020aa   0x00000004   Code   RO          168    i.UsageFault_Handler  stm32f4xx_it.o
    0x080020ae   0x00000030   Code   RO         1455    i.__ARM_fpclassify  m_wm.l(fpclassify.o)
    0x080020de   0x0000000e   Code   RO         1338    i._is_digit         c_w.l(__printf_wp.o)
    0x080020ec   0x00000004   Code   RO          484    i._sys_exit         usart.o
    0x080020f0   0x0000003c   Code   RO          425    i.delay_init        delay.o
    0x0800212c   0x00000038   Code   RO          426    i.delay_ms          delay.o
    0x08002164   0x0000004c   Code   RO          428    i.delay_xms         delay.o
    0x080021b0   0x00000048   Code   RO            3    i.main              main.o
    0x080021f8   0x00000058   Code   RO          486    i.u1_printf         usart.o
    0x08002250   0x000000ac   Code   RO          487    i.uart_init         usart.o
    0x080022fc   0x0000002c   Code   RO         1442    locale$$code        c_w.l(lc_numeric_c.o)
    0x08002328   0x0000002c   Code   RO         1463    locale$$code        c_w.l(lc_ctype_c.o)
    0x08002354   0x0000000a   Code   RO         1521    x$fpl$fpinit        fz_wm.l(fpinit.o)
    0x0800235e   0x00000004   Code   RO         1373    x$fpl$printf1       fz_wm.l(printf1.o)
    0x08002362   0x00000000   Code   RO         1454    x$fpl$usenofp       fz_wm.l(usenofp.o)
    0x08002362   0x00000002   PAD
    0x08002364   0x00000008   Data   RO         1297    .constdata          c_w.l(_printf_wctomb.o)
    0x0800236c   0x00000028   Data   RO         1326    .constdata          c_w.l(_printf_hex_int_ll_ptr.o)
    0x08002394   0x00000011   Data   RO         1346    .constdata          c_w.l(__printf_flags_ss_wp.o)
    0x080023a5   0x00000003   PAD
    0x080023a8   0x00000094   Data   RO         1417    .constdata          c_w.l(bigflt0.o)
    0x0800243c   0x00000020   Data   RO         1585    Region$$Table       anon$$obj.o
    0x0800245c   0x0000001c   Data   RO         1441    locale$$data        c_w.l(lc_numeric_c.o)
    0x08002478   0x00000110   Data   RO         1462    locale$$data        c_w.l(lc_ctype_c.o)


    Execution Region RW_IRAM1 (Base: 0x20000000, Size: 0x00001970, Max: 0x00020000, ABSOLUTE)

    Base Addr    Size         Type   Attr      Idx    E Section Name        Object

    0x20000000   0x00000004   Data   RW          368    .data               usart3.o
    0x20000004   0x00000004   Data   RW          429    .data               delay.o
    0x20000008   0x00000006   Data   RW          489    .data               usart.o
    0x2000000e   0x00000010   Data   RW          740    .data               stm32f4xx_rcc.o
    0x2000001e   0x00000002   PAD
    0x20000020   0x00001160   Zero   RW          367    .bss                usart3.o
    0x20001180   0x00000190   Zero   RW          488    .bss                usart.o
    0x20001310   0x00000060   Zero   RW         1458    .bss                c_w.l(libspace.o)
    0x20001370   0x00000200   Zero   RW          537    HEAP                startup_stm32f40_41xxx.o
    0x20001570   0x00000400   Zero   RW          536    STACK               startup_stm32f40_41xxx.o


==============================================================================

Image component sizes


      Code (inc. data)   RO Data    RW Data    ZI Data      Debug   Object Name

       192         12          0          4          0       1920   delay.o
        72         28          0          0          0     262295   main.o
       180         24          0          0          0       2033   misc.o
        64         26        392          0       1536        836   startup_stm32f40_41xxx.o
       214          0          0          0          0       1739   stm32f4xx_gpio.o
        26          0          0          0          0       3974   stm32f4xx_it.o
       296         30          0         16          0       3978   stm32f4xx_rcc.o
       438          8          0          0          0       5377   stm32f4xx_usart.o
       340         32          0          0          0       1441   system_stm32f4xx.o
       400         30          0          6        400       4418   usart.o
       272         28          0          4       4448       2686   usart3.o

    ----------------------------------------------------------------------
      2500        218        424         32       6384     290697   Object Totals
         0          0         32          0          0          0   (incl. Generated)
         6          0          0          2          0          0   (incl. Padding)

    ----------------------------------------------------------------------

      Code (inc. data)   RO Data    RW Data    ZI Data      Debug   Library Member Name

         8          0          0          0          0         68   __main.o
       392          4         17          0          0         92   __printf_flags_ss_wp.o
        14          0          0          0          0         68   __printf_wp.o
         0          0          0          0          0          0   __rtentry.o
        12          0          0          0          0          0   __rtentry2.o
         6          0          0          0          0          0   __rtentry4.o
        52          8          0          0          0          0   __scatter.o
        26          0          0          0          0          0   __scatter_copy.o
        28          0          0          0          0          0   __scatter_zi.o
         6          0          0          0          0          0   _printf_a.o
         6          0          0          0          0          0   _printf_c.o
        44          0          0          0          0        108   _printf_char.o
        48          6          0          0          0         96   _printf_char_common.o
        40          0          0          0          0         68   _printf_charcount.o
         6          0          0          0          0          0   _printf_d.o
       120         16          0          0          0         92   _printf_dec.o
         6          0          0          0          0          0   _printf_e.o
         6          0          0          0          0          0   _printf_f.o
      1050          0          0          0          0        216   _printf_fp_dec.o
       128         16          0          0          0         84   _printf_fp_infnan.o
         6          0          0          0          0          0   _printf_g.o
       148          4         40          0          0        160   _printf_hex_int_ll_ptr.o
         6          0          0          0          0          0   _printf_i.o
       178          0          0          0          0         88   _printf_intcommon.o
        10          0          0          0          0          0   _printf_l.o
         6          0          0          0          0          0   _printf_lc.o
        10          0          0          0          0          0   _printf_ll.o
         6          0          0          0          0          0   _printf_lld.o
         6          0          0          0          0          0   _printf_lli.o
         6          0          0          0          0          0   _printf_llo.o
         6          0          0          0          0          0   _printf_llu.o
         6          0          0          0          0          0   _printf_llx.o
       124         16          0          0          0         92   _printf_longlong_dec.o
         6          0          0          0          0          0   _printf_ls.o
         6          0          0          0          0          0   _printf_n.o
         6          0          0          0          0          0   _printf_o.o
       112          8          0          0          0        124   _printf_oct_int_ll.o
         6          0          0          0          0          0   _printf_p.o
        78          0          0          0          0        108   _printf_pad.o
         0          0          0          0          0          0   _printf_percent.o
         4          0          0          0          0          0   _printf_percent_end.o
         6          0          0          0          0          0   _printf_s.o
        82          0          0          0          0         80   _printf_str.o
        36          0          0          0          0         84   _printf_truncate.o
         6          0          0          0          0          0   _printf_u.o
        44          0          0          0          0        108   _printf_wchar.o
       188          6          8          0          0         92   _printf_wctomb.o
         6          0          0          0          0          0   _printf_x.o
        10          0          0          0          0         68   _sputc.o
        64          0          0          0          0         92   _wcrtomb.o
       220          4        148          0          0         96   bigflt0.o
      1910        128          0          0          0        672   btod.o
        36          4          0          0          0         76   c89vsprintf.o
        18          0          0          0          0         80   exit.o
         6          0          0          0          0        152   heapauxi.o
        44         10        272          0          0         76   lc_ctype_c.o
        44         10         28          0          0         76   lc_numeric_c.o
         2          0          0          0          0          0   libinit.o
        34          0          0          0          0          0   libinit2.o
         2          0          0          0          0          0   libshutdown.o
         2          0          0          0          0          0   libshutdown2.o
         8          4          0          0         96         68   libspace.o
       138          0          0          0          0         80   lludiv10.o
        16          4          0          0          0         76   rt_ctype_table.o
         8          4          0          0          0         68   rt_locale_intlibspace.o
        68          0          0          0          0         68   rt_memclr.o
        78          0          0          0          0         80   rt_memclr_w.o
         2          0          0          0          0          0   rtexit.o
        10          0          0          0          0          0   rtexit2.o
       128          0          0          0          0         68   strcmpv7m.o
        62          0          0          0          0         76   strlen.o
        74          0          0          0          0         80   sys_stackheap_outer.o
         2          0          0          0          0         68   use_no_semi.o
         2          0          0          0          0         68   use_no_semi_2.o
        10          0          0          0          0        116   fpinit.o
         4          0          0          0          0        116   printf1.o
         0          0          0          0          0          0   usenofp.o
        48          0          0          0          0        124   fpclassify.o

    ----------------------------------------------------------------------
      6168        252        516          0         96       4372   Library Totals
        16          0          3          0          0          0   (incl. Padding)

    ----------------------------------------------------------------------

      Code (inc. data)   RO Data    RW Data    ZI Data      Debug   Library Name

      6090        252        513          0         96       4016   c_w.l
        14          0          0          0          0        232   fz_wm.l
        48          0          0          0          0        124   m_wm.l

    ----------------------------------------------------------------------
      6168        252        516          0         96       4372   Library Totals

    ----------------------------------------------------------------------

==============================================================================


      Code (inc. data)   RO Data    RW Data    ZI Data      Debug   

      8668        470        940         32       6480     289685   Grand Totals
      8668        470        940         32       6480     289685   ELF Image Totals
      8668        470        940         32          0          0   ROM Totals

==============================================================================

    Total RO  Size (Code + RO Data)                 9608 (   9.38kB)
    Total RW  Size (RW Data + ZI Data)              6512 (   6.36kB)
    Total ROM Size (Code + RO Data + RW Data)       9640 (   9.41kB)

==============================================================================

